tests/unit_tests/test_basic.py::test_import on cuda:0: Free: 191.46, Total: 191.98
tests/unit_tests/test_imports.py::test_domain_mcore on cuda:0: Free: 191.46, Total: 191.98
tests/unit_tests/test_basic.py::test_import on cuda:0: Free: 191.46, Total: 191.98
tests/unit_tests/test_imports.py::test_domain_mcore on cuda:0: Free: 191.46, Total: 191.98
tests/unit_tests/test_basic.py::test_import on cuda:0: Free: 191.46, Total: 191.98
tests/unit_tests/test_imports.py::test_domain_mcore on cuda:0: Free: 191.46, Total: 191.98
tests/unit_tests/test_basic.py::test_import on cuda:0: Free: 191.46, Total: 191.98
tests/unit_tests/test_imports.py::test_domain_mcore on cuda:0: Free: 191.46, Total: 191.98
tests/unit_tests/test_basic.py::test_import on cuda:0: Free: 191.46, Total: 191.98
tests/unit_tests/test_imports.py::test_domain_mcore on cuda:0: Free: 191.46, Total: 191.98
tests/unit_tests/test_inference.py::test_completions on cuda:0: Free: 191.46, Total: 191.98
tests/unit_tests/test_basic.py::test_import on cuda:0: Free: 191.46, Total: 191.98
tests/unit_tests/test_imports.py::test_domain_mcore on cuda:0: Free: 191.46, Total: 191.98
tests/unit_tests/test_basic.py::test_import on cuda:0: Free: 191.46, Total: 191.98
tests/unit_tests/test_imports.py::test_domain_mcore on cuda:0: Free: 191.46, Total: 191.98
tests/unit_tests/test_basic.py::test_import on cuda:0: Free: 191.46, Total: 191.98
tests/unit_tests/test_imports.py::test_domain_mcore on cuda:0: Free: 191.46, Total: 191.98
tests/unit_tests/test_inference.py::test_completions on cuda:0: Free: 191.46, Total: 191.98
tests/unit_tests/test_inference.py::test_completions on cuda:0: Free: 191.46, Total: 191.98
tests/unit_tests/test_inference.py::test_completions on cuda:0: Free: 191.46, Total: 191.98
tests/unit_tests/test_inference.py::test_completions on cuda:0: Free: 191.46, Total: 191.98
tests/unit_tests/test_inference.py::test_completions on cuda:0: Free: 191.46, Total: 191.98
tests/unit_tests/test_inference.py::test_completions on cuda:0: Free: 191.46, Total: 191.98
tests/unit_tests/test_inference.py::test_completions on cuda:0: Free: 191.46, Total: 191.98
tests/unit_tests/test_local_multi_tensor_fns.py::test_local_multi_tensor_l2_norm_and_scale on cuda:0: Free: 188.28, Total: 191.98
tests/unit_tests/test_local_multi_tensor_fns.py::test_local_multi_tensor_apply on cuda:0: Free: 188.26, Total: 191.98
tests/unit_tests/test_num_microbatches_calculator.py::test_init_num_microbatches_calculator on cuda:0: Free: 188.26, Total: 191.98
tests/unit_tests/test_num_microbatches_calculator.py::test_reconfigure_num_microbatches_calculator on cuda:0: Free: 188.26, Total: 191.98
tests/unit_tests/test_num_microbatches_calculator.py::test_get_num_microbatches on cuda:0: Free: 188.26, Total: 191.98
tests/unit_tests/test_num_microbatches_calculator.py::test_get_current_global_batch_size on cuda:0: Free: 188.26, Total: 191.98
tests/unit_tests/test_num_microbatches_calculator.py::test_get_micro_batch_size on cuda:0: Free: 188.26, Total: 191.98
tests/unit_tests/test_num_microbatches_calculator.py::test_update_num_microbatches on cuda:0: Free: 188.26, Total: 191.98
tests/unit_tests/test_num_microbatches_calculator.py::test_build_num_microbatches_calculator on cuda:0: Free: 188.26, Total: 191.98
tests/unit_tests/test_num_microbatches_calculator.py::TestConstantNumMicroBatchesCalculator::test_constructor on cuda:0: Free: 188.26, Total: 191.98
tests/unit_tests/test_num_microbatches_calculator.py::TestConstantNumMicroBatchesCalculator::test_get on cuda:0: Free: 188.26, Total: 191.98
tests/unit_tests/test_num_microbatches_calculator.py::TestConstantNumMicroBatchesCalculator::test_get_current_global_batch_size on cuda:0: Free: 188.26, Total: 191.98
tests/unit_tests/test_num_microbatches_calculator.py::TestRampupBatchsizeNumMicroBatchesCalculator::test_constructor on cuda:0: Free: 188.26, Total: 191.98
tests/unit_tests/test_num_microbatches_calculator.py::TestRampupBatchsizeNumMicroBatchesCalculator::test_get on cuda:0: Free: 188.26, Total: 191.98
tests/unit_tests/test_num_microbatches_calculator.py::TestRampupBatchsizeNumMicroBatchesCalculator::test_get_current_global_batch_size on cuda:0: Free: 188.26, Total: 191.98
tests/unit_tests/test_num_microbatches_calculator.py::test_ramp_up on cuda:0: Free: 188.26, Total: 191.98
tests/unit_tests/test_optimizer.py::test_chained_optimizer on cuda:0: Free: 188.26, Total: 191.98
tests/unit_tests/test_optimizer_param_scheduler.py::test_initialization on cuda:0: Free: 188.26, Total: 191.98
tests/unit_tests/test_optimizer_param_scheduler.py::test_get_wd_constant on cuda:0: Free: 188.26, Total: 191.98
tests/unit_tests/test_optimizer_param_scheduler.py::test_get_wd_linear on cuda:0: Free: 188.26, Total: 191.98
tests/unit_tests/test_optimizer_param_scheduler.py::test_get_wd_cosine on cuda:0: Free: 188.26, Total: 191.98
tests/unit_tests/test_optimizer_param_scheduler.py::test_get_lr_linear on cuda:0: Free: 188.26, Total: 191.98
tests/unit_tests/test_optimizer_param_scheduler.py::test_get_lr_cosine on cuda:0: Free: 188.26, Total: 191.98
tests/unit_tests/test_optimizer_param_scheduler.py::test_step_function on cuda:0: Free: 188.26, Total: 191.98
tests/unit_tests/test_optimizer_param_scheduler.py::test_state_dict on cuda:0: Free: 188.26, Total: 191.98
tests/unit_tests/test_optimizer_param_scheduler.py::test_load_state_dict on cuda:0: Free: 188.26, Total: 191.98
tests/unit_tests/test_parallel_state.py::test_pipeline_parallel_initializations[tp-cp-ep-dp-pp] on cuda:0: Free: 188.26, Total: 191.98
tests/unit_tests/test_parallel_state.py::test_pipeline_parallel_initializations[tp-cp-pp-ep-dp] on cuda:0: Free: 188.26, Total: 191.98
tests/unit_tests/test_parallel_state.py::test_data_parallel_initializations[tp-cp-ep-dp-pp] on cuda:0: Free: 188.26, Total: 191.98
tests/unit_tests/test_parallel_state.py::test_data_parallel_initializations[tp-cp-pp-ep-dp] on cuda:0: Free: 188.26, Total: 191.98
tests/unit_tests/test_parallel_state.py::test_tensor_model_parellel_world_size[tp-cp-ep-dp-pp] on cuda:0: Free: 188.26, Total: 191.98
tests/unit_tests/test_parallel_state.py::test_tensor_model_parellel_world_size[tp-cp-pp-ep-dp] on cuda:0: Free: 188.26, Total: 191.98
tests/unit_tests/test_parallel_state.py::test_expert_tensor_parellel_world_size[tp-cp-ep-dp-pp] on cuda:0: Free: 188.26, Total: 191.98
tests/unit_tests/test_parallel_state.py::test_expert_tensor_parellel_world_size[tp-cp-pp-ep-dp] on cuda:0: Free: 188.26, Total: 191.98
tests/unit_tests/test_parallel_state.py::test_pipeline_model_parallel_world_size[tp-cp-ep-dp-pp] on cuda:0: Free: 188.26, Total: 191.98
tests/unit_tests/test_parallel_state.py::test_pipeline_model_parallel_world_size[tp-cp-pp-ep-dp] on cuda:0: Free: 188.26, Total: 191.98
tests/unit_tests/test_parallel_state.py::test_tensor_model_parallel_rank[tp-cp-ep-dp-pp] on cuda:0: Free: 188.26, Total: 191.98
tests/unit_tests/test_parallel_state.py::test_tensor_model_parallel_rank[tp-cp-pp-ep-dp] on cuda:0: Free: 188.26, Total: 191.98
tests/unit_tests/test_parallel_state.py::test_moe_tensor_model_parellel_rank[tp-cp-ep-dp-pp] on cuda:0: Free: 188.26, Total: 191.98
tests/unit_tests/test_parallel_state.py::test_moe_tensor_model_parellel_rank[tp-cp-pp-ep-dp] on cuda:0: Free: 188.26, Total: 191.98
tests/unit_tests/test_parallel_state.py::test_pipeline_model_parallel_rank[tp-cp-ep-dp-pp] on cuda:0: Free: 188.26, Total: 191.98
tests/unit_tests/test_parallel_state.py::test_pipeline_model_parallel_rank[tp-cp-pp-ep-dp] on cuda:0: Free: 188.26, Total: 191.98
tests/unit_tests/test_parallel_state.py::test_context_parallel_rank on cuda:0: Free: 188.26, Total: 191.98
tests/unit_tests/test_parallel_state.py::test_expert_model_parallel_rank on cuda:0: Free: 188.26, Total: 191.98
tests/unit_tests/test_parallel_state.py::test_is_pipeline_first_stage[tp-cp-ep-dp-pp] on cuda:0: Free: 188.26, Total: 191.98
tests/unit_tests/test_parallel_state.py::test_is_pipeline_first_stage[tp-cp-pp-ep-dp] on cuda:0: Free: 188.26, Total: 191.98
tests/unit_tests/test_parallel_state.py::test_is_pipeline_last_stage[tp-cp-ep-dp-pp] on cuda:0: Free: 188.26, Total: 191.98
tests/unit_tests/test_parallel_state.py::test_is_pipeline_last_stage[tp-cp-pp-ep-dp] on cuda:0: Free: 188.26, Total: 191.98
tests/unit_tests/test_parallel_state.py::test_virtual_pipeline_model_parallel_rank[tp-cp-ep-dp-pp] on cuda:0: Free: 188.26, Total: 191.98
tests/unit_tests/test_parallel_state.py::test_virtual_pipeline_model_parallel_rank[tp-cp-pp-ep-dp] on cuda:0: Free: 188.26, Total: 191.98
tests/unit_tests/test_parallel_state.py::test_get_tensor_model_parallel_src_rank[tp-cp-ep-dp-pp] on cuda:0: Free: 188.26, Total: 191.98
tests/unit_tests/test_parallel_state.py::test_get_tensor_model_parallel_src_rank[tp-cp-pp-ep-dp] on cuda:0: Free: 188.26, Total: 191.98
tests/unit_tests/test_parallel_state.py::test_encoder_tensor_pipeline_parallelism[tp-cp-ep-dp-pp] on cuda:0: Free: 188.26, Total: 191.98
tests/unit_tests/test_parallel_state.py::test_encoder_tensor_pipeline_parallelism[tp-cp-pp-ep-dp] on cuda:0: Free: 188.26, Total: 191.98
tests/unit_tests/test_parallel_state.py::test_different_initialize_order_unconsistency[src_tp_pp0-1] on cuda:0: Free: 188.26, Total: 191.98
tests/unit_tests/test_parallel_state.py::test_different_initialize_order_unconsistency[src_tp_pp1-1] on cuda:0: Free: 188.26, Total: 191.98
tests/unit_tests/test_parallel_state.py::test_different_initialize_order_unconsistency[src_tp_pp2-1] on cuda:0: Free: 188.26, Total: 191.98
tests/unit_tests/test_parallel_state.py::test_different_initialize_order_unconsistency[src_tp_pp3-2] on cuda:0: Free: 188.26, Total: 191.98
tests/unit_tests/test_parallel_state.py::test_different_initialize_order_unconsistency[src_tp_pp4-2] on cuda:0: Free: 188.26, Total: 191.98
tests/unit_tests/test_parallel_state.py::test_different_initialize_order_unconsistency[src_tp_pp5-2] on cuda:0: Free: 188.26, Total: 191.98
tests/unit_tests/test_tokenizer.py::test_tokenizer[args0] on cuda:0: Free: 188.26, Total: 191.98
tests/unit_tests/test_tokenizer.py::test_tokenizer[args1] on cuda:0: Free: 188.26, Total: 191.98
tests/unit_tests/test_tokenizer.py::test_tokenizer[args2] on cuda:0: Free: 188.26, Total: 191.98
tests/unit_tests/test_tokenizer.py::test_tokenizer[args3] on cuda:0: Free: 188.26, Total: 191.98
tests/unit_tests/test_tokenizer.py::test_tokenizer[args4] on cuda:0: Free: 188.26, Total: 191.98
tests/unit_tests/test_tokenizer.py::test_gpt2_tiktok_tokenizer on cuda:0: Free: 188.26, Total: 191.98
tests/unit_tests/test_tokenizer.py::test_null_tokenizer on cuda:0: Free: 188.26, Total: 191.98
tests/unit_tests/test_tokenizer.py::test_multimodal_tokenizer on cuda:0: Free: 188.26, Total: 191.98
tests/unit_tests/test_training.py::TestTraining::test_build_train_valid_test_data_iterators on cuda:0: Free: 188.26, Total: 191.98
tests/unit_tests/test_training.py::TestTraining::test_closed_formula_vocab_size_with_padding on cuda:0: Free: 188.26, Total: 191.98
tests/unit_tests/test_utils.py::test_divide_properly on cuda:0: Free: 188.26, Total: 191.98
tests/unit_tests/test_utils.py::test_divide_improperly on cuda:0: Free: 188.26, Total: 191.98
tests/unit_tests/test_utils.py::test_global_memory_buffer on cuda:0: Free: 188.26, Total: 191.98
tests/unit_tests/test_utils.py::test_make_viewless_tensor on cuda:0: Free: 188.26, Total: 191.98
tests/unit_tests/test_utils.py::test_safely_set_viewless_tensor_data on cuda:0: Free: 188.26, Total: 191.98
tests/unit_tests/test_utils.py::test_assert_viewless_tensor on cuda:0: Free: 188.26, Total: 191.98
tests/unit_tests/test_utils.py::test_check_param_hashes_across_dp_replicas on cuda:0: Free: 188.26, Total: 191.98
tests/unit_tests/test_utils.py::test_cross_check_param_hashes_across_dp_replicas on cuda:0: Free: 188.26, Total: 191.98
tests/unit_tests/data/test_builder.py::test_builder on cuda:0: Free: 188.26, Total: 191.98
tests/unit_tests/data/test_gpt_dataset.py::test_mock_gpt_dataset on cuda:0: Free: 188.26, Total: 191.98
tests/unit_tests/data/test_multimodal_dataset.py::test_mock_multimodal_dataset on cuda:0: Free: 188.26, Total: 191.98
tests/unit_tests/data/test_preprocess_data.py::test_preprocess_data_gpt on cuda:0: Free: 188.26, Total: 191.98
tests/unit_tests/data/test_preprocess_mmdata.py::test_preprocess_mmdata on cuda:0: Free: 188.26, Total: 191.98
tests/unit_tests/dist_checkpointing/test_async_save.py::TestAsyncSave::test_async_is_equivalent_to_sync on cuda:0: Free: 188.26, Total: 191.98
tests/unit_tests/dist_checkpointing/test_cached_metadata.py::TestCachedMetadata::test_cached_metadata on cuda:0: Free: 187.82, Total: 191.98
tests/unit_tests/dist_checkpointing/test_flattened_resharding.py::TestFlattenedResharding::test_partition_change_save_load[src_tp_pp0-dest_tp_pp0] on cuda:0: Free: 187.82, Total: 191.98
tests/unit_tests/dist_checkpointing/test_flattened_resharding.py::TestFlattenedResharding::test_partition_change_save_load[src_tp_pp1-dest_tp_pp1] on cuda:0: Free: 187.82, Total: 191.98
tests/unit_tests/dist_checkpointing/test_flattened_resharding.py::TestFlattenedResharding::test_partition_change_save_load[src_tp_pp2-dest_tp_pp2] on cuda:0: Free: 187.82, Total: 191.98
tests/unit_tests/dist_checkpointing/test_flattened_resharding.py::TestFlattenedResharding::test_partition_change_save_load[src_tp_pp3-dest_tp_pp3] on cuda:0: Free: 187.82, Total: 191.98
tests/unit_tests/dist_checkpointing/test_flattened_resharding.py::TestFlattenedResharding::test_reformulate_nd_flattened_tensors[src_tp_pp0-dest_tp_pp0-expected_ckpt_offsets_by_rank0] on cuda:0: Free: 187.82, Total: 191.98
tests/unit_tests/dist_checkpointing/test_flattened_resharding.py::TestFlattenedResharding::test_reformulate_nd_flattened_tensors[src_tp_pp1-dest_tp_pp1-expected_ckpt_offsets_by_rank1] on cuda:0: Free: 187.82, Total: 191.98
tests/unit_tests/dist_checkpointing/test_flattened_resharding.py::TestFlattenedResharding::test_load_tensor_metadata[src_tp_pp0] on cuda:0: Free: 187.82, Total: 191.98
tests/unit_tests/dist_checkpointing/test_flattened_resharding.py::TestFlattenedResharding::test_load_tensor_metadata[src_tp_pp1] on cuda:0: Free: 187.82, Total: 191.98
tests/unit_tests/dist_checkpointing/test_flattened_resharding.py::TestFlattenedResharding::test_load_tensor_metadata[src_tp_pp2] on cuda:0: Free: 187.82, Total: 191.98
tests/unit_tests/dist_checkpointing/test_flattened_resharding.py::TestFlattenedResharding::test_load_tensor_metadata[src_tp_pp3] on cuda:0: Free: 187.82, Total: 191.98
tests/unit_tests/dist_checkpointing/test_fp8.py::TestFP8::test_simple_broadcast[0-bf16] on cuda:0: Free: 187.82, Total: 191.98
tests/unit_tests/dist_checkpointing/test_fp8.py::TestFP8::test_simple_broadcast[0-fp16] on cuda:0: Free: 187.82, Total: 191.98
tests/unit_tests/dist_checkpointing/test_fp8.py::TestFP8::test_simple_broadcast[0-fp8] on cuda:0: Free: 187.82, Total: 191.98
tests/unit_tests/dist_checkpointing/test_fp8.py::TestFP8::test_simple_broadcast[6-bf16] on cuda:0: Free: 187.82, Total: 191.98
tests/unit_tests/dist_checkpointing/test_fp8.py::TestFP8::test_simple_broadcast[6-fp16] on cuda:0: Free: 187.82, Total: 191.98
tests/unit_tests/dist_checkpointing/test_fp8.py::TestFP8::test_simple_broadcast[6-fp8] on cuda:0: Free: 187.82, Total: 191.98
tests/unit_tests/dist_checkpointing/test_fp8.py::TestFP8::test_fp8_save_load[True-src_tp_pp0-dest_tp_pp0-broadcast] on cuda:0: Free: 187.82, Total: 191.98
tests/unit_tests/dist_checkpointing/test_fp8.py::TestFP8::test_fp8_save_load[True-src_tp_pp1-dest_tp_pp1-gather_rounds] on cuda:0: Free: 187.82, Total: 191.98
tests/unit_tests/dist_checkpointing/test_fp8.py::TestFP8::test_fp8_save_load[False-src_tp_pp2-dest_tp_pp2-None] on cuda:0: Free: 187.82, Total: 191.98
tests/unit_tests/dist_checkpointing/test_fully_parallel.py::TestFullyParallelSaveAndLoad::test_save_distribution[False] on cuda:0: Free: 187.82, Total: 191.98
tests/unit_tests/dist_checkpointing/test_fully_parallel.py::TestFullyParallelSaveAndLoad::test_save_distribution[True] on cuda:0: Free: 187.82, Total: 191.98
tests/unit_tests/dist_checkpointing/test_fully_parallel.py::TestFullyParallelSaveAndLoad::test_load_distribution[False] on cuda:0: Free: 187.18, Total: 191.98
tests/unit_tests/dist_checkpointing/test_fully_parallel.py::TestFullyParallelSaveAndLoad::test_load_distribution[True] on cuda:0: Free: 187.18, Total: 191.98
tests/unit_tests/dist_checkpointing/test_fully_parallel.py::TestFullyParallelSaveAndLoad::test_only_necessary_exchanges_performed_during_load on cuda:0: Free: 186.55, Total: 191.98
tests/unit_tests/dist_checkpointing/test_local.py::TestLocalCheckpointing::test_sharded_tensors[True-2-4] on cuda:0: Free: 186.55, Total: 191.98
tests/unit_tests/dist_checkpointing/test_local.py::TestLocalCheckpointing::test_sharded_tensors[False-2-4] on cuda:0: Free: 186.54, Total: 191.98
tests/unit_tests/dist_checkpointing/test_mapping.py::TestShardedTensor::test_from_rank_offsets_constructor on cuda:0: Free: 186.54, Total: 191.98
tests/unit_tests/dist_checkpointing/test_mapping.py::TestShardedTensor::test_from_rank_offsets_flat_constructor on cuda:0: Free: 186.54, Total: 191.98
tests/unit_tests/dist_checkpointing/test_mapping.py::TestShardedTensor::test_metadata_integrity_violation on cuda:0: Free: 186.54, Total: 191.98
tests/unit_tests/dist_checkpointing/test_mapping.py::TestShardedTensor::test_narrowing on cuda:0: Free: 186.54, Total: 191.98s
tests/unit_tests/dist_checkpointing/test_mapping.py::TestShardedTensor::test_flat_narrow on cuda:0: Free: 186.54, Total: 191.98
tests/unit_tests/dist_checkpointing/test_mapping.py::TestShardedTensorFactory::test_build_and_merge on cuda:0: Free: 186.54, Total: 191.98
tests/unit_tests/dist_checkpointing/test_mapping.py::test_is_main_replica on cuda:0: Free: 186.54, Total: 191.98
tests/unit_tests/dist_checkpointing/test_nonpersistent.py::TestNonPersistentSaveAndLoad::test_basic_save_load_scenarios[2-4] on cuda:0: Free: 186.54, Total: 191.98
tests/unit_tests/dist_checkpointing/test_nonpersistent.py::TestLegacySaveAndLoad::test_basic_save_load_scenario[2-4] on cuda:0: Free: 186.56, Total: 191.98
tests/unit_tests/dist_checkpointing/test_optimizer.py::TestOptimizer::test_optimizer_params on cuda:0: Free: 186.56, Total: 191.98
tests/unit_tests/dist_checkpointing/test_optimizer.py::TestDistributedOptimizer::test_dp_sharding[tp_pp0-2-2-False-initialize_small_model] on cuda:0: Free: 186.56, Total: 191.98
tests/unit_tests/dist_checkpointing/test_optimizer.py::TestDistributedOptimizer::test_dp_sharding[tp_pp0-2-2-False-initialize_gpt_model] on cuda:0: Free: 186.56, Total: 191.98
tests/unit_tests/dist_checkpointing/test_optimizer.py::TestDistributedOptimizer::test_dp_sharding[tp_pp0-2-2-True-initialize_small_model] on cuda:0: Free: 186.56, Total: 191.98
tests/unit_tests/dist_checkpointing/test_optimizer.py::TestDistributedOptimizer::test_dp_sharding[tp_pp0-2-2-True-initialize_gpt_model] on cuda:0: Free: 186.06, Total: 191.98
tests/unit_tests/dist_checkpointing/test_optimizer.py::TestDistributedOptimizer::test_can_load_deprecated_bucket_space_format on cuda:0: Free: 185.55, Total: 191.98
tests/unit_tests/dist_checkpointing/test_optimizer.py::TestFP32Optimizer::test_fp32_optimizer_resharding[src_tp_pp0-dest_tp_pp0] on cuda:0: Free: 185.55, Total: 191.98
tests/unit_tests/dist_checkpointing/test_optimizer.py::TestFP32Optimizer::test_fp32_optimizer_resharding[src_tp_pp1-dest_tp_pp1] on cuda:0: Free: 185.55, Total: 191.98
tests/unit_tests/dist_checkpointing/test_optimizer.py::TestFP32Optimizer::test_fp32_optimizer_resharding[src_tp_pp2-dest_tp_pp2] on cuda:0: Free: 185.55, Total: 191.98
tests/unit_tests/dist_checkpointing/test_optimizer.py::TestOptimizerResharding::test_chained_optimizer_resharding[src_tp_pp_exp0-dest_tp_pp_exp0-False-False-False-True-True] on cuda:0: Free: 185.55, Total: 191.98
tests/unit_tests/dist_checkpointing/test_optimizer.py::TestOptimizerResharding::test_chained_optimizer_resharding[src_tp_pp_exp0-dest_tp_pp_exp0-False-False-True-True-True] on cuda:0: Free: 185.53, Total: 191.98
tests/unit_tests/dist_checkpointing/test_optimizer.py::TestOptimizerResharding::test_chained_optimizer_resharding[src_tp_pp_exp0-dest_tp_pp_exp0-True-False-False-True-True] on cuda:0: Free: 185.53, Total: 191.98
tests/unit_tests/dist_checkpointing/test_optimizer.py::TestOptimizerResharding::test_chained_optimizer_resharding[src_tp_pp_exp0-dest_tp_pp_exp0-True-False-True-True-True] on cuda:0: Free: 185.53, Total: 191.98
tests/unit_tests/dist_checkpointing/test_optimizer.py::TestOptimizerResharding::test_chained_optimizer_resharding[src_tp_pp_exp1-dest_tp_pp_exp1-False-False-False-True-True] on cuda:0: Free: 185.53, Total: 191.98
tests/unit_tests/dist_checkpointing/test_optimizer.py::TestOptimizerResharding::test_chained_optimizer_resharding[src_tp_pp_exp1-dest_tp_pp_exp1-False-False-True-True-True] on cuda:0: Free: 185.53, Total: 191.98
tests/unit_tests/dist_checkpointing/test_optimizer.py::TestOptimizerResharding::test_chained_optimizer_resharding[src_tp_pp_exp1-dest_tp_pp_exp1-True-False-False-True-True] on cuda:0: Free: 185.53, Total: 191.98
tests/unit_tests/dist_checkpointing/test_optimizer.py::TestOptimizerResharding::test_chained_optimizer_resharding[src_tp_pp_exp1-dest_tp_pp_exp1-True-False-True-True-True] on cuda:0: Free: 185.53, Total: 191.98
tests/unit_tests/dist_checkpointing/test_optimizer.py::TestOptimizerResharding::test_chained_optimizer_resharding[src_tp_pp_exp2-dest_tp_pp_exp2-False-False-False-True-True] on cuda:0: Free: 185.53, Total: 191.98
tests/unit_tests/dist_checkpointing/test_optimizer.py::TestOptimizerResharding::test_chained_optimizer_resharding[src_tp_pp_exp2-dest_tp_pp_exp2-False-False-True-True-True] on cuda:0: Free: 185.53, Total: 191.98
tests/unit_tests/dist_checkpointing/test_optimizer.py::TestOptimizerResharding::test_chained_optimizer_resharding[src_tp_pp_exp2-dest_tp_pp_exp2-True-False-False-True-True] on cuda:0: Free: 185.53, Total: 191.98
tests/unit_tests/dist_checkpointing/test_optimizer.py::TestOptimizerResharding::test_chained_optimizer_resharding[src_tp_pp_exp2-dest_tp_pp_exp2-True-False-True-True-True] on cuda:0: Free: 185.53, Total: 191.98
tests/unit_tests/dist_checkpointing/test_optimizer.py::TestOptimizerResharding::test_chained_optimizer_resharding[src_tp_pp_exp3-dest_tp_pp_exp3-False-False-False-True-True] on cuda:0: Free: 185.53, Total: 191.98
tests/unit_tests/dist_checkpointing/test_optimizer.py::TestOptimizerResharding::test_chained_optimizer_resharding[src_tp_pp_exp3-dest_tp_pp_exp3-False-False-True-True-True] on cuda:0: Free: 185.53, Total: 191.98
tests/unit_tests/dist_checkpointing/test_optimizer.py::TestOptimizerResharding::test_chained_optimizer_resharding[src_tp_pp_exp3-dest_tp_pp_exp3-True-False-False-True-True] on cuda:0: Free: 185.53, Total: 191.98
tests/unit_tests/dist_checkpointing/test_optimizer.py::TestOptimizerResharding::test_chained_optimizer_resharding[src_tp_pp_exp3-dest_tp_pp_exp3-True-False-True-True-True] on cuda:0: Free: 185.53, Total: 191.98
tests/unit_tests/dist_checkpointing/test_serialization.py::TestSerialization::test_multi_process_save on cuda:0: Free: 185.53, Total: 191.98
tests/unit_tests/dist_checkpointing/test_serialization.py::TestSerialization::test_multi_process_save_log_difference on cuda:0: Free: 185.53, Total: 191.98
tests/unit_tests/dist_checkpointing/test_serialization.py::TestSerialization::test_partition_change_save_load on cuda:0: Free: 185.53, Total: 191.98
tests/unit_tests/dist_checkpointing/test_serialization.py::TestSerialization::test_load_tensors_metadata on cuda:0: Free: 185.53, Total: 191.98
tests/unit_tests/dist_checkpointing/test_serialization.py::TestSerialization::test_can_mix_sharded_tensors_and_factories on cuda:0: Free: 185.53, Total: 191.98
tests/unit_tests/dist_checkpointing/test_serialization.py::TestSerialization::test_load_error_msg on cuda:0: Free: 185.53, Total: 191.98
tests/unit_tests/dist_checkpointing/test_serialization.py::TestSerialization::test_sharded_object_serialization on cuda:0: Free: 185.53, Total: 191.98
tests/unit_tests/dist_checkpointing/test_serialization.py::TestSerialization::test_tensor_shape_mismatch on cuda:0: Free: 185.53, Total: 191.98
tests/unit_tests/dist_checkpointing/test_serialization.py::TestSerialization::test_remove_sharded_tensors on cuda:0: Free: 185.53, Total: 191.98
tests/unit_tests/dist_checkpointing/test_serialization.py::TestNonStrictLoad::test_missing_keys_raises_error_during_validation[True-zarr] on cuda:0: Free: 185.53, Total: 191.98
tests/unit_tests/dist_checkpointing/test_serialization.py::TestNonStrictLoad::test_missing_keys_raises_error_during_validation[True-torch_dist] on cuda:0: Free: 185.53, Total: 191.98
tests/unit_tests/dist_checkpointing/test_serialization.py::TestNonStrictLoad::test_missing_keys_raises_error_during_validation[False-zarr] on cuda:0: Free: 185.53, Total: 191.98
tests/unit_tests/dist_checkpointing/test_serialization.py::TestNonStrictLoad::test_missing_keys_raises_error_during_validation[False-torch_dist] on cuda:0: Free: 185.53, Total: 191.98
tests/unit_tests/dist_checkpointing/test_serialization.py::TestNonStrictLoad::test_exact_load_handling[True-zarr] on cuda:0: Free: 185.53, Total: 191.98
tests/unit_tests/dist_checkpointing/test_serialization.py::TestNonStrictLoad::test_exact_load_handling[True-torch_dist] on cuda:0: Free: 185.53, Total: 191.98
tests/unit_tests/dist_checkpointing/test_serialization.py::TestNonStrictLoad::test_exact_load_handling[False-zarr] on cuda:0: Free: 185.53, Total: 191.98
tests/unit_tests/dist_checkpointing/test_serialization.py::TestNonStrictLoad::test_exact_load_handling[False-torch_dist] on cuda:0: Free: 185.53, Total: 191.98
tests/unit_tests/dist_checkpointing/test_serialization.py::TestNonStrictLoad::test_sharded_metadata[zarr] on cuda:0: Free: 185.53, Total: 191.98
tests/unit_tests/dist_checkpointing/test_serialization.py::TestNonStrictLoad::test_sharded_metadata[torch_dist] on cuda:0: Free: 185.53, Total: 191.98
tests/unit_tests/dist_checkpointing/models/test_gpt_model.py::TestGPTModel::test_sharded_state_dict_save_load[get_gpt_layer_with_transformer_engine_spec-get_gpt_layer_with_transformer_engine_spec] on cuda:0: Free: 185.53, Total: 191.98
tests/unit_tests/dist_checkpointing/models/test_gpt_model.py::TestGPTModel::test_sharded_state_dict_save_load[get_gpt_layer_with_transformer_engine_spec-get_gpt_layer_local_spec] on cuda:0: Free: 185.53, Total: 191.98
tests/unit_tests/dist_checkpointing/models/test_gpt_model.py::TestGPTModel::test_sharded_state_dict_save_load[get_gpt_layer_local_spec-get_gpt_layer_with_transformer_engine_spec] on cuda:0: Free: 185.53, Total: 191.98
tests/unit_tests/dist_checkpointing/models/test_gpt_model.py::TestGPTModel::test_sharded_state_dict_save_load[get_gpt_layer_local_spec-get_gpt_layer_local_spec] on cuda:0: Free: 185.53, Total: 191.98
tests/unit_tests/dist_checkpointing/models/test_gpt_model.py::TestGPTModelReconfiguration::test_parallel_reconfiguration_e2e[False-tp-dp-pp-tp-dp-pp-src_tp_pp0-dest_tp_pp0-get_gpt_layer_with_transformer_engine_spec-get_gpt_layer_with_transformer_engine_spec] on cuda:0: Free: 185.53, Total: 191.98
tests/unit_tests/dist_checkpointing/models/test_gpt_model.py::TestGPTModelReconfiguration::test_parallel_reconfiguration_e2e[False-tp-pp-dp-tp-pp-dp-src_tp_pp1-dest_tp_pp1-get_gpt_layer_with_transformer_engine_spec-get_gpt_layer_with_transformer_engine_spec] on cuda:0: Free: 185.53, Total: 191.98
tests/unit_tests/dist_checkpointing/models/test_gpt_model.py::TestGPTModelReconfiguration::test_parallel_reconfiguration_e2e[True-tp-dp-pp-tp-pp-dp-src_tp_pp2-dest_tp_pp2-get_gpt_layer_with_transformer_engine_spec-get_gpt_layer_with_transformer_engine_spec] on cuda:0: Free: 185.53, Total: 191.98
tests/unit_tests/dist_checkpointing/models/test_gpt_model.py::TestGPTModelReconfiguration::test_parallel_reconfiguration_e2e[False-tp-dp-pp-tp-dp-pp-src_tp_pp3-dest_tp_pp3-get_gpt_layer_with_transformer_engine_spec-get_gpt_layer_with_transformer_engine_spec] on cuda:0: Free: 184.89, Total: 191.98
tests/unit_tests/dist_checkpointing/models/test_gpt_model.py::TestGPTModelReconfiguration::test_parallel_reconfiguration_e2e[True-tp-pp-dp-tp-pp-dp-src_tp_pp4-dest_tp_pp4-get_gpt_layer_local_spec-get_gpt_layer_local_spec] on cuda:0: Free: 184.89, Total: 191.98
tests/unit_tests/dist_checkpointing/models/test_gpt_model.py::TestGPTModelReconfiguration::test_parallel_reconfiguration_e2e[False-tp-dp-pp-tp-pp-dp-src_tp_pp5-dest_tp_pp5-get_gpt_layer_with_transformer_engine_spec-get_gpt_layer_local_spec] on cuda:0: Free: 184.25, Total: 191.98
tests/unit_tests/dist_checkpointing/models/test_gpt_model.py::TestGPTModelReconfiguration::test_parallel_reconfiguration_e2e[True-tp-dp-pp-tp-dp-pp-src_tp_pp6-dest_tp_pp6-get_gpt_layer_local_spec-get_gpt_layer_with_transformer_engine_spec] on cuda:0: Free: 184.25, Total: 191.98
tests/unit_tests/dist_checkpointing/models/test_gpt_model.py::TestGPTModelReconfiguration::test_parallel_reconfiguration_e2e[False-tp-pp-dp-tp-pp-dp-src_tp_pp7-dest_tp_pp7-get_gpt_layer_with_transformer_engine_spec-get_gpt_layer_local_spec] on cuda:0: Free: 184.25, Total: 191.98
tests/unit_tests/dist_checkpointing/models/test_gpt_model.py::TestGPTModelReconfiguration::test_parallel_reconfiguration_e2e[False-tp-dp-pp-tp-pp-dp-src_tp_pp8-dest_tp_pp8-get_gpt_layer_local_spec-get_gpt_layer_local_spec] on cuda:0: Free: 184.25, Total: 191.98
tests/unit_tests/dist_checkpointing/models/test_gpt_model.py::TestGPTModelReconfiguration::test_state_dict_comparison on cuda:0: Free: 184.25, Total: 191.98
tests/unit_tests/dist_checkpointing/models/test_gpt_model.py::TestGPTModelReconfiguration::test_vocab_size_padding_change[128-src_tp_pp0-dest_tp_pp0] on cuda:0: Free: 184.25, Total: 191.98
tests/unit_tests/dist_checkpointing/models/test_gpt_model.py::TestGPTModelReconfiguration::test_vocab_size_padding_change[17-src_tp_pp1-dest_tp_pp1] on cuda:0: Free: 184.25, Total: 191.98
tests/unit_tests/dist_checkpointing/models/test_gpt_model.py::TestGPTModelReconfiguration::test_vocab_size_padding_change[127-src_tp_pp2-dest_tp_pp2] on cuda:0: Free: 184.25, Total: 191.98
tests/unit_tests/dist_checkpointing/models/test_gpt_model.py::TestGPTModelReconfiguration::test_vocab_size_padding_change[31123-src_tp_pp3-dest_tp_pp3] on cuda:0: Free: 184.25, Total: 191.98
tests/unit_tests/dist_checkpointing/models/test_gpt_model.py::TestGPTModelReconfiguration::test_vocab_size_padding_change[17-src_tp_pp4-dest_tp_pp4] on cuda:0: Free: 184.25, Total: 191.98
tests/unit_tests/dist_checkpointing/models/test_mamba.py::TestMambaReconfiguration::test_parallel_reconfiguration_e2e[False-src_tp_pp_exp0-dest_tp_pp_exp0-False] on cuda:0: Free: 184.25, Total: 191.98
tests/unit_tests/dist_checkpointing/models/test_mamba.py::TestMambaReconfiguration::test_parallel_reconfiguration_e2e[True-src_tp_pp_exp1-dest_tp_pp_exp1-False] on cuda:0: Free: 184.24, Total: 191.98
tests/unit_tests/dist_checkpointing/models/test_mamba.py::TestMambaReconfiguration::test_parallel_reconfiguration_e2e[False-src_tp_pp_exp2-dest_tp_pp_exp2-False] on cuda:0: Free: 184.24, Total: 191.98
tests/unit_tests/dist_checkpointing/models/test_mamba.py::TestMambaReconfiguration::test_parallel_reconfiguration_e2e[True-src_tp_pp_exp3-dest_tp_pp_exp3-False] on cuda:0: Free: 184.24, Total: 191.98
tests/unit_tests/dist_checkpointing/models/test_mamba.py::TestMambaReconfiguration::test_parallel_reconfiguration_e2e[False-src_tp_pp_exp4-dest_tp_pp_exp4-False] on cuda:0: Free: 180.5, Total: 191.98
tests/unit_tests/dist_checkpointing/models/test_mamba.py::TestMambaReconfiguration::test_parallel_reconfiguration_e2e[False-src_tp_pp_exp5-dest_tp_pp_exp5-False] on cuda:0: Free: 180.5, Total: 191.98
tests/unit_tests/dist_checkpointing/models/test_mamba.py::TestMambaReconfiguration::test_parallel_reconfiguration_e2e[False-src_tp_pp_exp6-dest_tp_pp_exp6-False] on cuda:0: Free: 180.5, Total: 191.98
tests/unit_tests/dist_checkpointing/models/test_mamba.py::TestMambaReconfiguration::test_parallel_reconfiguration_e2e[False-src_tp_pp_exp7-dest_tp_pp_exp7-False] on cuda:0: Free: 180.5, Total: 191.98
tests/unit_tests/dist_checkpointing/models/test_mamba.py::TestMambaReconfiguration::test_parallel_reconfiguration_e2e[False-src_tp_pp_exp8-dest_tp_pp_exp8-True] on cuda:0: Free: 180.5, Total: 191.98
tests/unit_tests/dist_checkpointing/models/test_mamba.py::TestMambaReconfiguration::test_parallel_reconfiguration_e2e[False-src_tp_pp_exp9-dest_tp_pp_exp9-True] on cuda:0: Free: 180.5, Total: 191.98
tests/unit_tests/dist_checkpointing/models/test_mamba.py::TestMambaReconfiguration::test_parallel_reconfiguration_e2e[True-src_tp_pp_exp10-dest_tp_pp_exp10-True] on cuda:0: Free: 180.5, Total: 191.98
tests/unit_tests/dist_checkpointing/models/test_mlp_glu.py::TestParallelMLPWithGLU::test_parallel_reconfiguration_e2e[src_tp_pp0-dest_tp_pp0] on cuda:0: Free: 177.98, Total: 191.98
tests/unit_tests/dist_checkpointing/models/test_mlp_glu.py::TestParallelMLPWithGLU::test_parallel_reconfiguration_e2e[src_tp_pp1-dest_tp_pp1] on cuda:0: Free: 177.98, Total: 191.98
tests/unit_tests/dist_checkpointing/models/test_mlp_glu.py::TestParallelMLPWithGLU::test_parallel_reconfiguration_e2e[src_tp_pp2-dest_tp_pp2] on cuda:0: Free: 177.98, Total: 191.98
tests/unit_tests/dist_checkpointing/models/test_mlp_glu.py::TestParallelMLPWithGLU::test_parallel_reconfiguration_e2e[src_tp_pp3-dest_tp_pp3] on cuda:0: Free: 177.98, Total: 191.98
tests/unit_tests/dist_checkpointing/models/test_moe_experts.py::TestExpertLayerReconfiguration::test_te_grouped_linear_torch_native[1] on cuda:0: Free: 177.98, Total: 191.98
tests/unit_tests/dist_checkpointing/models/test_moe_experts.py::TestExpertLayerReconfiguration::test_te_grouped_linear_torch_native[2] on cuda:0: Free: 177.81, Total: 191.98
tests/unit_tests/dist_checkpointing/models/test_t5_model.py::TestT5Model::test_sharded_state_dict_save_load[t5-te-te] on cuda:0: Free: 177.81, Total: 191.98
tests/unit_tests/dist_checkpointing/models/test_t5_model.py::TestT5Model::test_sharded_state_dict_save_load[t5-te-local] on cuda:0: Free: 177.81, Total: 191.98
tests/unit_tests/dist_checkpointing/models/test_t5_model.py::TestT5Model::test_sharded_state_dict_save_load[t5-local-te] on cuda:0: Free: 177.81, Total: 191.98
tests/unit_tests/dist_checkpointing/models/test_t5_model.py::TestT5Model::test_sharded_state_dict_save_load[t5-local-local] on cuda:0: Free: 177.81, Total: 191.98
tests/unit_tests/dist_checkpointing/models/test_t5_model.py::TestT5ModelReconfiguration::test_parallel_reconfiguration_e2e[False-src_tp_pp_encpp0-dest_tp_pp_encpp0-t5-local-local] on cuda:0: Free: 177.81, Total: 191.98
tests/unit_tests/dist_checkpointing/models/test_t5_model.py::TestT5ModelReconfiguration::test_parallel_reconfiguration_e2e[False-src_tp_pp_encpp1-dest_tp_pp_encpp1-t5-local-local] on cuda:0: Free: 177.81, Total: 191.98
tests/unit_tests/dist_checkpointing/models/test_t5_model.py::TestT5ModelReconfiguration::test_parallel_reconfiguration_e2e[False-src_tp_pp_encpp2-dest_tp_pp_encpp2-t5-local-local] on cuda:0: Free: 177.81, Total: 191.98
tests/unit_tests/dist_checkpointing/models/test_t5_model.py::TestT5ModelReconfiguration::test_parallel_reconfiguration_e2e[False-src_tp_pp_encpp3-dest_tp_pp_encpp3-t5-local-local] on cuda:0: Free: 177.81, Total: 191.98
tests/unit_tests/dist_checkpointing/models/test_t5_model.py::TestT5ModelReconfiguration::test_parallel_reconfiguration_e2e[True-src_tp_pp_encpp4-dest_tp_pp_encpp4-t5-local-local] on cuda:0: Free: 177.81, Total: 191.98
tests/unit_tests/dist_checkpointing/models/test_t5_model.py::TestT5ModelReconfiguration::test_parallel_reconfiguration_e2e[True-src_tp_pp_encpp5-dest_tp_pp_encpp5-t5-local-local] on cuda:0: Free: 177.81, Total: 191.98
tests/unit_tests/dist_checkpointing/models/test_t5_model.py::TestT5ModelReconfiguration::test_pipeline_parallel_setup on cuda:0: Free: 177.3, Total: 191.98
tests/unit_tests/distributed/test_grad_reduce_for_replicated_embedder.py::test_allreduce_conditional_embedding_grads on cuda:0: Free: 177.3, Total: 191.98
tests/unit_tests/distributed/test_param_and_grad_buffer.py::test_bucket_sizes[False-False-False-None] on cuda:0: Free: 176.67, Total: 191.98
tests/unit_tests/distributed/test_param_and_grad_buffer.py::test_bucket_sizes[False-False-False-9000] on cuda:0: Free: 176.67, Total: 191.98
tests/unit_tests/distributed/test_param_and_grad_buffer.py::test_bucket_sizes[False-False-False-9025] on cuda:0: Free: 176.67, Total: 191.98
tests/unit_tests/distributed/test_param_and_grad_buffer.py::test_bucket_sizes[False-False-False-9050] on cuda:0: Free: 176.67, Total: 191.98
tests/unit_tests/distributed/test_param_and_grad_buffer.py::test_bucket_sizes[False-False-False-18000] on cuda:0: Free: 176.67, Total: 191.98
tests/unit_tests/distributed/test_param_and_grad_buffer.py::test_bucket_sizes[False-False-False-18050] on cuda:0: Free: 176.67, Total: 191.98
tests/unit_tests/distributed/test_param_and_grad_buffer.py::test_bucket_sizes[False-False-False-20000] on cuda:0: Free: 176.67, Total: 191.98
tests/unit_tests/distributed/test_param_and_grad_buffer.py::test_bucket_sizes[False-False-True-None] on cuda:0: Free: 176.67, Total: 191.98
tests/unit_tests/distributed/test_param_and_grad_buffer.py::test_bucket_sizes[False-False-True-9000] on cuda:0: Free: 176.67, Total: 191.98
tests/unit_tests/distributed/test_param_and_grad_buffer.py::test_bucket_sizes[False-False-True-9025] on cuda:0: Free: 176.67, Total: 191.98
tests/unit_tests/distributed/test_param_and_grad_buffer.py::test_bucket_sizes[False-False-True-9050] on cuda:0: Free: 176.67, Total: 191.98
tests/unit_tests/distributed/test_param_and_grad_buffer.py::test_bucket_sizes[False-False-True-18000] on cuda:0: Free: 176.67, Total: 191.98
tests/unit_tests/distributed/test_param_and_grad_buffer.py::test_bucket_sizes[False-False-True-18050] on cuda:0: Free: 176.67, Total: 191.98
tests/unit_tests/distributed/test_param_and_grad_buffer.py::test_bucket_sizes[False-False-True-20000] on cuda:0: Free: 176.67, Total: 191.98
tests/unit_tests/distributed/test_param_and_grad_buffer.py::test_bucket_sizes[False-True-False-None] on cuda:0: Free: 176.67, Total: 191.98
tests/unit_tests/distributed/test_param_and_grad_buffer.py::test_bucket_sizes[False-True-False-9000] on cuda:0: Free: 176.67, Total: 191.98
tests/unit_tests/distributed/test_param_and_grad_buffer.py::test_bucket_sizes[False-True-False-9025] on cuda:0: Free: 176.67, Total: 191.98
tests/unit_tests/distributed/test_param_and_grad_buffer.py::test_bucket_sizes[False-True-False-9050] on cuda:0: Free: 176.67, Total: 191.98
tests/unit_tests/distributed/test_param_and_grad_buffer.py::test_bucket_sizes[False-True-False-18000] on cuda:0: Free: 176.67, Total: 191.98
tests/unit_tests/distributed/test_param_and_grad_buffer.py::test_bucket_sizes[False-True-False-18050] on cuda:0: Free: 176.67, Total: 191.98
tests/unit_tests/distributed/test_param_and_grad_buffer.py::test_bucket_sizes[False-True-False-20000] on cuda:0: Free: 176.67, Total: 191.98
tests/unit_tests/distributed/test_param_and_grad_buffer.py::test_bucket_sizes[False-True-True-None] on cuda:0: Free: 176.67, Total: 191.98
tests/unit_tests/distributed/test_param_and_grad_buffer.py::test_bucket_sizes[False-True-True-9000] on cuda:0: Free: 176.67, Total: 191.98
tests/unit_tests/distributed/test_param_and_grad_buffer.py::test_bucket_sizes[False-True-True-9025] on cuda:0: Free: 176.67, Total: 191.98
tests/unit_tests/distributed/test_param_and_grad_buffer.py::test_bucket_sizes[False-True-True-9050] on cuda:0: Free: 176.67, Total: 191.98
tests/unit_tests/distributed/test_param_and_grad_buffer.py::test_bucket_sizes[False-True-True-18000] on cuda:0: Free: 176.67, Total: 191.98
tests/unit_tests/distributed/test_param_and_grad_buffer.py::test_bucket_sizes[False-True-True-18050] on cuda:0: Free: 176.67, Total: 191.98
tests/unit_tests/distributed/test_param_and_grad_buffer.py::test_bucket_sizes[False-True-True-20000] on cuda:0: Free: 176.67, Total: 191.98
tests/unit_tests/distributed/test_param_and_grad_buffer.py::test_bucket_sizes[True-False-False-None] on cuda:0: Free: 176.67, Total: 191.98
tests/unit_tests/distributed/test_param_and_grad_buffer.py::test_bucket_sizes[True-False-False-9000] on cuda:0: Free: 176.67, Total: 191.98
tests/unit_tests/distributed/test_param_and_grad_buffer.py::test_bucket_sizes[True-False-False-9025] on cuda:0: Free: 176.67, Total: 191.98
tests/unit_tests/distributed/test_param_and_grad_buffer.py::test_bucket_sizes[True-False-False-9050] on cuda:0: Free: 176.67, Total: 191.98
tests/unit_tests/distributed/test_param_and_grad_buffer.py::test_bucket_sizes[True-False-False-18000] on cuda:0: Free: 176.67, Total: 191.98
tests/unit_tests/distributed/test_param_and_grad_buffer.py::test_bucket_sizes[True-False-False-18050] on cuda:0: Free: 176.67, Total: 191.98
tests/unit_tests/distributed/test_param_and_grad_buffer.py::test_bucket_sizes[True-False-False-20000] on cuda:0: Free: 176.67, Total: 191.98
tests/unit_tests/distributed/test_param_and_grad_buffer.py::test_bucket_sizes[True-False-True-None] on cuda:0: Free: 176.67, Total: 191.98
tests/unit_tests/distributed/test_param_and_grad_buffer.py::test_bucket_sizes[True-False-True-9000] on cuda:0: Free: 176.67, Total: 191.98
tests/unit_tests/distributed/test_param_and_grad_buffer.py::test_bucket_sizes[True-False-True-9025] on cuda:0: Free: 176.67, Total: 191.98
tests/unit_tests/distributed/test_param_and_grad_buffer.py::test_bucket_sizes[True-False-True-9050] on cuda:0: Free: 176.67, Total: 191.98
tests/unit_tests/distributed/test_param_and_grad_buffer.py::test_bucket_sizes[True-False-True-18000] on cuda:0: Free: 176.67, Total: 191.98
tests/unit_tests/distributed/test_param_and_grad_buffer.py::test_bucket_sizes[True-False-True-18050] on cuda:0: Free: 176.67, Total: 191.98
tests/unit_tests/distributed/test_param_and_grad_buffer.py::test_bucket_sizes[True-False-True-20000] on cuda:0: Free: 176.67, Total: 191.98
tests/unit_tests/distributed/test_param_and_grad_buffer.py::test_bucket_sizes[True-True-False-None] on cuda:0: Free: 176.67, Total: 191.98
tests/unit_tests/distributed/test_param_and_grad_buffer.py::test_bucket_sizes[True-True-False-9000] on cuda:0: Free: 176.67, Total: 191.98
tests/unit_tests/distributed/test_param_and_grad_buffer.py::test_bucket_sizes[True-True-False-9025] on cuda:0: Free: 176.67, Total: 191.98
tests/unit_tests/distributed/test_param_and_grad_buffer.py::test_bucket_sizes[True-True-False-9050] on cuda:0: Free: 176.67, Total: 191.98
tests/unit_tests/distributed/test_param_and_grad_buffer.py::test_bucket_sizes[True-True-False-18000] on cuda:0: Free: 176.67, Total: 191.98
tests/unit_tests/distributed/test_param_and_grad_buffer.py::test_bucket_sizes[True-True-False-18050] on cuda:0: Free: 176.67, Total: 191.98
tests/unit_tests/distributed/test_param_and_grad_buffer.py::test_bucket_sizes[True-True-False-20000] on cuda:0: Free: 176.67, Total: 191.98
tests/unit_tests/distributed/test_param_and_grad_buffer.py::test_bucket_sizes[True-True-True-None] on cuda:0: Free: 176.67, Total: 191.98
tests/unit_tests/distributed/test_param_and_grad_buffer.py::test_bucket_sizes[True-True-True-9000] on cuda:0: Free: 176.67, Total: 191.98
tests/unit_tests/distributed/test_param_and_grad_buffer.py::test_bucket_sizes[True-True-True-9025] on cuda:0: Free: 176.67, Total: 191.98
tests/unit_tests/distributed/test_param_and_grad_buffer.py::test_bucket_sizes[True-True-True-9050] on cuda:0: Free: 176.67, Total: 191.98
tests/unit_tests/distributed/test_param_and_grad_buffer.py::test_bucket_sizes[True-True-True-18000] on cuda:0: Free: 176.67, Total: 191.98
tests/unit_tests/distributed/test_param_and_grad_buffer.py::test_bucket_sizes[True-True-True-18050] on cuda:0: Free: 176.67, Total: 191.98
tests/unit_tests/distributed/test_param_and_grad_buffer.py::test_bucket_sizes[True-True-True-20000] on cuda:0: Free: 176.67, Total: 191.98
tests/unit_tests/export/trtllm/test_distributed_fp8.py::TestTRTLLMSingleDeviceConverterFP8::test_get_model_weights_converter on cuda:0: Free: 176.67, Total: 191.98
tests/unit_tests/export/trtllm/test_single_device_fp8.py::TestTRTLLMSingleDeviceConverterFP8::test_get_model_weights_converter on cuda:0: Free: 174.14, Total: 191.98
tests/unit_tests/export/trtllm/test_trtllm_distributed_gpu_converter.py::TestTRTLLMDistributedGPUConverter::test_get_model_weights_converter on cuda:0: Free: 172.05, Total: 191.98
tests/unit_tests/export/trtllm/test_trtllm_helper.py::TestTRTLLMHelper::test_exceptions on cuda:0: Free: 171.55, Total: 191.98
tests/unit_tests/export/trtllm/test_trtllm_layers.py::TestTRTLLMLayers::test_rename_input_layer_names_to_trtllm_layer_names_without_layer_numbers on cuda:0: Free: 171.55, Total: 191.98
tests/unit_tests/export/trtllm/test_trtllm_layers.py::TestTRTLLMLayers::test_rename_input_layer_names_to_trtllm_layer_names_exception on cuda:0: Free: 171.55, Total: 191.98
tests/unit_tests/export/trtllm/test_trtllm_layers.py::TestTRTLLMLayers::test_rename_input_layer_names_to_trtllm_layer_names_with_layer_numbers on cuda:0: Free: 171.55, Total: 191.98
tests/unit_tests/export/trtllm/test_trtllm_layers.py::TestTRTLLMLayers::test_get_layer_name_without_prefix on cuda:0: Free: 171.55, Total: 191.98
tests/unit_tests/export/trtllm/test_trtllm_single_device_converter.py::TestTRTLLMSingleDeviceConverter::test_get_model_weights_converter on cuda:0: Free: 171.55, Total: 191.98
tests/unit_tests/export/trtllm/test_trtllm_helper.py 
tests/unit_tests/extensions/test_transformer_engine.py::TestTENorm::test_layer_norm_constructor on cuda:0: Free: 171.55, Total: 191.98
tests/unit_tests/extensions/test_transformer_engine.py::TestTENorm::test_rms_norm_constructor on cuda:0: Free: 171.55, Total: 191.98
tests/unit_tests/extensions/test_transformer_engine.py::TestTENorm::test_unknown_constructor on cuda:0: Free: 171.55, Total: 191.98
tests/unit_tests/fusions/test_torch_softmax.py::TestTorchSoftmax::test_output_shape on cuda:0: Free: 171.55, Total: 191.98
tests/unit_tests/fusions/test_torch_softmax.py::TestTorchSoftmax::test_causal_mask_input_shape_assert on cuda:0: Free: 171.55, Total: 191.98
tests/unit_tests/fusions/test_torch_softmax.py::TestTorchSoftmax::test_causal_mask_equal_scores on cuda:0: Free: 171.55, Total: 191.98
tests/unit_tests/inference/test_common_inference_params.py::TestCommonInferenceParams::test_inference_params on cuda:0: Free: 171.55, Total: 191.98
tests/unit_tests/inference/test_flash_decode.py::TestRotaryEmbeddingWithPrecomputedCosSin::test_output_shapes_match on cuda:0: Free: 171.55, Total: 191.98
tests/unit_tests/inference/test_inference_utils.py::TestInferenceUtils::test_counter on cuda:0: Free: 171.54, Total: 191.98
tests/unit_tests/inference/test_scheduler.py::TestScheduler::test_scheduler on cuda:0: Free: 171.54, Total: 191.98
tests/unit_tests/inference/engines/test_mcore_engine.py::TestMCoreEngine::test_generate on cuda:0: Free: 171.54, Total: 191.98
tests/unit_tests/inference/engines/test_mcore_engine.py::TestMCoreEngine::test_generate_empty_prompt on cuda:0: Free: 171.53, Total: 191.98
tests/unit_tests/inference/model_inference_wrappers/test_model_inference_wrapper_config.py::TestModelInferenceWrapperConfig::test_inference_params on cuda:0: Free: 171.53, Total: 191.98
tests/unit_tests/inference/model_inference_wrappers/gpt/test_gpt_inference_wrapper.py::TestGPTInferenceWrapper::test_inference_pipeline_parallel_small_size on cuda:0: Free: 171.53, Total: 191.98
tests/unit_tests/inference/model_inference_wrappers/gpt/test_gpt_inference_wrapper.py::TestGPTInferenceWrapper::test_inference_pipeline_parallel_large__size on cuda:0: Free: 171.02, Total: 191.98
tests/unit_tests/inference/model_inference_wrappers/gpt/test_gpt_inference_wrapper.py::TestGPTInferenceWrapper::test_inference_only_tensor_parallel on cuda:0: Free: 170.52, Total: 191.98
tests/unit_tests/inference/model_inference_wrappers/t5/test_t5_inference_wrapper.py::TestT5InferenceWrapper::test_inference_only_tensor_parallel on cuda:0: Free: 169.94, Total: 191.98
tests/unit_tests/inference/text_generation_controllers/test_encoder_decoder_text_generation_controller.py::TestEncoderDecoderTextGenerationController::test_generate_all_output_tokens_static_batch on cuda:0: Free: 169.09, Total: 191.98
tests/unit_tests/inference/text_generation_controllers/test_simple_text_generation_controller.py::TestSimpleTextGenerationController::test_sample_from_logits on cuda:0: Free: 168.36, Total: 191.98
tests/unit_tests/inference/text_generation_controllers/test_simple_text_generation_controller.py::TestSimpleTextGenerationController::test_generate_all_output_tokens_static_batch on cuda:0: Free: 168.36, Total: 191.98
tests/unit_tests/models/test_base_embedding.py::TestBaseEmbedding::test_constructor on cuda:0: Free: 167.35, Total: 191.98
tests/unit_tests/models/test_base_embedding.py::TestBaseEmbedding::test_zero_parameters on cuda:0: Free: 167.35, Total: 191.98
tests/unit_tests/models/test_base_embedding.py::TestBaseEmbedding::test_cpu_forward on cuda:0: Free: 167.35, Total: 191.98
tests/unit_tests/models/test_base_embedding.py::TestBaseEmbedding::test_gpu_forward on cuda:0: Free: 167.35, Total: 191.98
tests/unit_tests/models/test_clip_vit_model.py::TestCLIPViTModel::test_constructor on cuda:0: Free: 167.35, Total: 191.98
tests/unit_tests/models/test_clip_vit_model.py::TestCLIPViTModel::test_set_input_tensor on cuda:0: Free: 167.35, Total: 191.98
tests/unit_tests/models/test_clip_vit_model.py::TestCLIPViTModel::test_forward on cuda:0: Free: 167.35, Total: 191.98
tests/unit_tests/models/test_clip_vit_model.py::TestCLIPViTModel::test_save_load on cuda:0: Free: 167.23, Total: 191.98
tests/unit_tests/models/test_mamba_model.py::TestMambaModel::test_constructor on cuda:0: Free: 167.23, Total: 191.98
tests/unit_tests/models/test_mamba_model.py::TestMambaModel::test_set_input_tensor on cuda:0: Free: 167.23, Total: 191.98
tests/unit_tests/models/test_mamba_model.py::TestMambaModel::test_forward on cuda:0: Free: 167.23, Total: 191.98
tests/unit_tests/models/test_mamba_model.py::TestMambaModel::test_inference on cuda:0: Free: 166.87, Total: 191.98
tests/unit_tests/models/test_mamba_model.py::TestMambaModel::test_save_load on cuda:0: Free: 166.84, Total: 191.98
tests/unit_tests/models/test_mamba_model.py::TestMambaModel::test_layer_numbers on cuda:0: Free: 166.84, Total: 191.98
tests/unit_tests/models/test_multimodal_projector.py::TestMultimodalProjector::test_constructor on cuda:0: Free: 166.84, Total: 191.98
tests/unit_tests/models/test_multimodal_projector.py::TestMultimodalProjector::test_forward on cuda:0: Free: 166.84, Total: 191.98
tests/unit_tests/models/test_multimodal_projector.py::TestMultimodalProjector::test_save_load on cuda:0: Free: 166.96, Total: 191.98
tests/unit_tests/models/test_t5_model.py::TestT5Model::test_constructor on cuda:0: Free: 166.96, Total: 191.98
tests/unit_tests/models/test_t5_model.py::TestT5Model::test_set_input_tensor on cuda:0: Free: 166.96, Total: 191.98
tests/unit_tests/models/test_t5_model.py::TestT5Model::test_no_post_process_forward on cuda:0: Free: 166.96, Total: 191.98
tests/unit_tests/models/test_t5_model.py::TestT5Model::test_no_preprocess_forward on cuda:0: Free: 166.96, Total: 191.98
tests/unit_tests/models/test_t5_model.py::TestT5Model::test_state_dict_for_save_checkpoint on cuda:0: Free: 166.96, Total: 191.98
tests/unit_tests/models/test_t5_model.py::TestT5Model::test_load_state_dict on cuda:0: Free: 166.96, Total: 191.98
tests/unit_tests/pipeline_parallel/test_helpers.py::test_helpers on cuda:0: Free: 166.96, Total: 191.98
tests/unit_tests/pipeline_parallel/test_schedules.py::test_get_forward_backward_func on cuda:0: Free: 166.96, Total: 191.98
tests/unit_tests/pipeline_parallel/test_schedules.py::test_deallocate_output_tensor on cuda:0: Free: 166.96, Total: 191.98
tests/unit_tests/pipeline_parallel/test_schedules.py::test_forward_backward_func_without_pipeline_parallel on cuda:0: Free: 166.96, Total: 191.98
tests/unit_tests/pipeline_parallel/test_schedules.py::test_forward_backward_func_with_pipeline_parallel on cuda:0: Free: 166.96, Total: 191.98
tests/unit_tests/pipeline_parallel/test_schedules.py::test_forward_backward_func_with_interleaving on cuda:0: Free: 166.31, Total: 191.98
tests/unit_tests/ssm/test_mamba_block.py::TestMambaBlock::test_gpu_forward on cuda:0: Free: 165.59, Total: 191.98
tests/unit_tests/ssm/test_mamba_block.py::TestMambaBlock::test_layer_types on cuda:0: Free: 165.45, Total: 191.98
tests/unit_tests/ssm/test_mamba_block.py::TestMambaBlock::test_invalid_layer_types_cause_failure on cuda:0: Free: 165.45, Total: 191.98
tests/unit_tests/ssm/test_mamba_hybrid_layer_allocation.py::TestMambaHybridLayerAllocation::test_hybrid_layer_allocation on cuda:0: Free: 165.45, Total: 191.98
tests/unit_tests/ssm/test_mamba_hybrid_layer_allocation.py::TestMambaHybridLayerAllocation::test_wrong_length_override_pattern on cuda:0: Free: 165.45, Total: 191.98
tests/unit_tests/ssm/test_mamba_hybrid_layer_allocation.py::TestMambaHybridLayerAllocation::test_wrong_number_of_layer_types_in_override_pattern on cuda:0: Free: 165.45, Total: 191.98
tests/unit_tests/ssm/test_mamba_layer.py::TestMambaLayer::test_gpu_forward on cuda:0: Free: 165.45, Total: 191.98
tests/unit_tests/ssm/test_mamba_mixer.py::TestMambaMixer::test_gpu_forward[True] on cuda:0: Free: 165.45, Total: 191.98
tests/unit_tests/ssm/test_mamba_mixer.py::TestMambaMixer::test_gpu_forward[False] on cuda:0: Free: 165.45, Total: 191.98
tests/unit_tests/tensor_parallel/test_cross_entropy.py::test_vocab_parallel_cross_entropy on cuda:0: Free: 165.45, Total: 191.98
tests/unit_tests/tensor_parallel/test_data.py::test_broadcast_data on cuda:0: Free: 164.87, Total: 191.98
tests/unit_tests/tensor_parallel/test_initialization.py::Test::test_embedding_init on cuda:0: Free: 164.37, Total: 191.98
tests/unit_tests/tensor_parallel/test_initialization.py::Test::test_row_init on cuda:0: Free: 164.37, Total: 191.98
tests/unit_tests/tensor_parallel/test_initialization.py::Test::test_col_init on cuda:0: Free: 164.37, Total: 191.98
tests/unit_tests/tensor_parallel/test_initialization.py::Test::test_te_col_init on cuda:0: Free: 164.37, Total: 191.98
tests/unit_tests/tensor_parallel/test_initialization.py::Test::test_te_row_init on cuda:0: Free: 164.37, Total: 191.98
tests/unit_tests/tensor_parallel/test_layers.py::test_LinearWithFrozenWeight[1-False] on cuda:0: Free: 164.37, Total: 191.98
tests/unit_tests/tensor_parallel/test_layers.py::test_LinearWithFrozenWeight[8-True] on cuda:0: Free: 164.37, Total: 191.98
tests/unit_tests/tensor_parallel/test_mappings.py::test_CopyToModelParallelRegion on cuda:0: Free: 162.48, Total: 191.98
tests/unit_tests/tensor_parallel/test_mappings.py::test_ReduceFromModelParallelRegion on cuda:0: Free: 161.9, Total: 191.98
tests/unit_tests/tensor_parallel/test_mappings.py::test_ScatterToModelParallelRegion on cuda:0: Free: 161.33, Total: 191.98
tests/unit_tests/tensor_parallel/test_mappings.py::test_GatherFromModelParallelRegion on cuda:0: Free: 160.76, Total: 191.98
tests/unit_tests/tensor_parallel/test_mappings.py::test_ScatterToSequenceParallelRegion on cuda:0: Free: 160.18, Total: 191.98
tests/unit_tests/tensor_parallel/test_random.py::test_cuda_rng_states_tracker on cuda:0: Free: 159.61, Total: 191.98
tests/unit_tests/tensor_parallel/test_random.py::test_model_parallel_cuda_manual_seed on cuda:0: Free: 159.61, Total: 191.98
tests/unit_tests/tensor_parallel/test_random.py::test_checkpoint on cuda:0: Free: 159.61, Total: 191.98
tests/unit_tests/tensor_parallel/test_tensor_parallel_utils.py::test_split_tensor_along_last_dim on cuda:0: Free: 159.61, Total: 191.98
tests/unit_tests/tensor_parallel/test_tensor_parallel_utils.py::test_split_tensor_into_1d_equal_chunks on cuda:0: Free: 159.61, Total: 191.98
tests/unit_tests/tensor_parallel/test_tensor_parallel_utils.py::test_gather_split_1d_tensor on cuda:0: Free: 159.61, Total: 191.98
tests/unit_tests/tensor_parallel/test_tensor_parallel_utils.py::test_vocab on cuda:0: Free: 159.1, Total: 191.98
tests/unit_tests/transformer/test_attention.py::TestParallelAttention::test_constructor on cuda:0: Free: 159.1, Total: 191.98
tests/unit_tests/transformer/test_attention.py::TestParallelAttention::test_cpu_forward on cuda:0: Free: 159.1, Total: 191.98
tests/unit_tests/transformer/test_lora_adapter.py::TestLoraAdapterWithLoraLayers::test_constructor[base_layer0-False-1-1-1] on cuda:0: Free: 159.1, Total: 191.98
tests/unit_tests/transformer/test_lora_adapter.py::TestLoraAdapterWithLoraLayers::test_constructor[base_layer0-False-1-1-2] on cuda:0: Free: 159.1, Total: 191.98
tests/unit_tests/transformer/test_lora_adapter.py::TestLoraAdapterWithLoraLayers::test_constructor[base_layer0-False-1-2-1] on cuda:0: Free: 159.1, Total: 191.98
tests/unit_tests/transformer/test_lora_adapter.py::TestLoraAdapterWithLoraLayers::test_constructor[base_layer0-False-1-2-2] on cuda:0: Free: 159.1, Total: 191.98
tests/unit_tests/transformer/test_lora_adapter.py::TestLoraAdapterWithLoraLayers::test_constructor[base_layer0-False-2-1-1] on cuda:0: Free: 159.1, Total: 191.98
tests/unit_tests/transformer/test_lora_adapter.py::TestLoraAdapterWithLoraLayers::test_constructor[base_layer0-False-2-1-2] on cuda:0: Free: 159.1, Total: 191.98
tests/unit_tests/transformer/test_lora_adapter.py::TestLoraAdapterWithLoraLayers::test_constructor[base_layer1-True-1-1-1] on cuda:0: Free: 159.1, Total: 191.98
tests/unit_tests/transformer/test_lora_adapter.py::TestLoraAdapterWithLoraLayers::test_constructor[base_layer1-True-1-1-2] on cuda:0: Free: 159.1, Total: 191.98
tests/unit_tests/transformer/test_lora_adapter.py::TestLoraAdapterWithLoraLayers::test_constructor[base_layer1-True-1-2-1] on cuda:0: Free: 159.1, Total: 191.98
tests/unit_tests/transformer/test_lora_adapter.py::TestLoraAdapterWithLoraLayers::test_constructor[base_layer1-True-1-2-2] on cuda:0: Free: 159.1, Total: 191.98
tests/unit_tests/transformer/test_lora_adapter.py::TestLoraAdapterWithLoraLayers::test_constructor[base_layer1-True-2-1-1] on cuda:0: Free: 159.1, Total: 191.98
tests/unit_tests/transformer/test_lora_adapter.py::TestLoraAdapterWithLoraLayers::test_constructor[base_layer1-True-2-1-2] on cuda:0: Free: 159.1, Total: 191.98
tests/unit_tests/transformer/test_lora_adapter.py::TestLoraAdapterWithLoraLayers::test_constructor[base_layer2-False-1-1-1] on cuda:0: Free: 159.1, Total: 191.98
tests/unit_tests/transformer/test_lora_adapter.py::TestLoraAdapterWithLoraLayers::test_constructor[base_layer2-False-1-1-2] on cuda:0: Free: 159.1, Total: 191.98
tests/unit_tests/transformer/test_lora_adapter.py::TestLoraAdapterWithLoraLayers::test_constructor[base_layer2-False-1-2-1] on cuda:0: Free: 159.1, Total: 191.98
tests/unit_tests/transformer/test_lora_adapter.py::TestLoraAdapterWithLoraLayers::test_constructor[base_layer2-False-1-2-2] on cuda:0: Free: 159.1, Total: 191.98
tests/unit_tests/transformer/test_lora_adapter.py::TestLoraAdapterWithLoraLayers::test_constructor[base_layer2-False-2-1-1] on cuda:0: Free: 159.1, Total: 191.98
tests/unit_tests/transformer/test_lora_adapter.py::TestLoraAdapterWithLoraLayers::test_constructor[base_layer2-False-2-1-2] on cuda:0: Free: 159.1, Total: 191.98
tests/unit_tests/transformer/test_lora_adapter.py::TestLoraAdapterWithLoraLayers::test_constructor[base_layer3-True-1-1-1] on cuda:0: Free: 159.1, Total: 191.98
tests/unit_tests/transformer/test_lora_adapter.py::TestLoraAdapterWithLoraLayers::test_constructor[base_layer3-True-1-1-2] on cuda:0: Free: 159.1, Total: 191.98
tests/unit_tests/transformer/test_lora_adapter.py::TestLoraAdapterWithLoraLayers::test_constructor[base_layer3-True-1-2-1] on cuda:0: Free: 159.1, Total: 191.98
tests/unit_tests/transformer/test_lora_adapter.py::TestLoraAdapterWithLoraLayers::test_constructor[base_layer3-True-1-2-2] on cuda:0: Free: 159.1, Total: 191.98
tests/unit_tests/transformer/test_lora_adapter.py::TestLoraAdapterWithLoraLayers::test_constructor[base_layer3-True-2-1-1] on cuda:0: Free: 159.1, Total: 191.98
tests/unit_tests/transformer/test_lora_adapter.py::TestLoraAdapterWithLoraLayers::test_constructor[base_layer3-True-2-1-2] on cuda:0: Free: 159.1, Total: 191.98
tests/unit_tests/transformer/test_lora_adapter.py::TestLoraAdapterWithLoraLayers::test_constructor[base_layer4-False-1-1-1] on cuda:0: Free: 159.1, Total: 191.98
tests/unit_tests/transformer/test_lora_adapter.py::TestLoraAdapterWithLoraLayers::test_constructor[base_layer4-False-1-1-2] on cuda:0: Free: 159.1, Total: 191.98
tests/unit_tests/transformer/test_lora_adapter.py::TestLoraAdapterWithLoraLayers::test_constructor[base_layer4-False-1-2-1] on cuda:0: Free: 159.1, Total: 191.98
tests/unit_tests/transformer/test_lora_adapter.py::TestLoraAdapterWithLoraLayers::test_constructor[base_layer4-False-1-2-2] on cuda:0: Free: 159.1, Total: 191.98
tests/unit_tests/transformer/test_lora_adapter.py::TestLoraAdapterWithLoraLayers::test_constructor[base_layer4-False-2-1-1] on cuda:0: Free: 159.1, Total: 191.98
tests/unit_tests/transformer/test_lora_adapter.py::TestLoraAdapterWithLoraLayers::test_constructor[base_layer4-False-2-1-2] on cuda:0: Free: 159.1, Total: 191.98
tests/unit_tests/transformer/test_lora_adapter.py::TestLoraAdapterWithLoraLayers::test_constructor[base_layer5-False-1-1-1] on cuda:0: Free: 159.1, Total: 191.98
tests/unit_tests/transformer/test_lora_adapter.py::TestLoraAdapterWithLoraLayers::test_constructor[base_layer5-False-1-1-2] on cuda:0: Free: 159.1, Total: 191.98
tests/unit_tests/transformer/test_lora_adapter.py::TestLoraAdapterWithLoraLayers::test_constructor[base_layer5-False-1-2-1] on cuda:0: Free: 159.1, Total: 191.98
tests/unit_tests/transformer/test_lora_adapter.py::TestLoraAdapterWithLoraLayers::test_constructor[base_layer5-False-1-2-2] on cuda:0: Free: 159.1, Total: 191.98
tests/unit_tests/transformer/test_lora_adapter.py::TestLoraAdapterWithLoraLayers::test_constructor[base_layer5-False-2-1-1] on cuda:0: Free: 159.1, Total: 191.98
tests/unit_tests/transformer/test_lora_adapter.py::TestLoraAdapterWithLoraLayers::test_constructor[base_layer5-False-2-1-2] on cuda:0: Free: 159.1, Total: 191.98
tests/unit_tests/transformer/test_lora_adapter.py::TestLoraAdapterWithLoraLayers::test_constructor[base_layer6-True-1-1-1] on cuda:0: Free: 159.1, Total: 191.98
tests/unit_tests/transformer/test_lora_adapter.py::TestLoraAdapterWithLoraLayers::test_constructor[base_layer6-True-1-1-2] on cuda:0: Free: 159.1, Total: 191.98
tests/unit_tests/transformer/test_lora_adapter.py::TestLoraAdapterWithLoraLayers::test_constructor[base_layer6-True-1-2-1] on cuda:0: Free: 159.1, Total: 191.98
tests/unit_tests/transformer/test_lora_adapter.py::TestLoraAdapterWithLoraLayers::test_constructor[base_layer6-True-1-2-2] on cuda:0: Free: 159.1, Total: 191.98
tests/unit_tests/transformer/test_lora_adapter.py::TestLoraAdapterWithLoraLayers::test_constructor[base_layer6-True-2-1-1] on cuda:0: Free: 159.1, Total: 191.98
tests/unit_tests/transformer/test_lora_adapter.py::TestLoraAdapterWithLoraLayers::test_constructor[base_layer6-True-2-1-2] on cuda:0: Free: 159.1, Total: 191.98
tests/unit_tests/transformer/test_lora_adapter.py::TestLoraAdapterWithLoraLayers::test_constructor[base_layer7-False-1-1-1] on cuda:0: Free: 159.1, Total: 191.98
tests/unit_tests/transformer/test_lora_adapter.py::TestLoraAdapterWithLoraLayers::test_constructor[base_layer7-False-1-1-2] on cuda:0: Free: 159.1, Total: 191.98
tests/unit_tests/transformer/test_lora_adapter.py::TestLoraAdapterWithLoraLayers::test_constructor[base_layer7-False-1-2-1] on cuda:0: Free: 159.1, Total: 191.98
tests/unit_tests/transformer/test_lora_adapter.py::TestLoraAdapterWithLoraLayers::test_constructor[base_layer7-False-1-2-2] on cuda:0: Free: 159.1, Total: 191.98
tests/unit_tests/transformer/test_lora_adapter.py::TestLoraAdapterWithLoraLayers::test_constructor[base_layer7-False-2-1-1] on cuda:0: Free: 159.1, Total: 191.98
tests/unit_tests/transformer/test_lora_adapter.py::TestLoraAdapterWithLoraLayers::test_constructor[base_layer7-False-2-1-2] on cuda:0: Free: 159.1, Total: 191.98
tests/unit_tests/transformer/test_lora_adapter.py::TestLoraAdapterWithLoraLayers::test_constructor[base_layer8-True-1-1-1] on cuda:0: Free: 159.1, Total: 191.98
tests/unit_tests/transformer/test_lora_adapter.py::TestLoraAdapterWithLoraLayers::test_constructor[base_layer8-True-1-1-2] on cuda:0: Free: 159.1, Total: 191.98
tests/unit_tests/transformer/test_lora_adapter.py::TestLoraAdapterWithLoraLayers::test_constructor[base_layer8-True-1-2-1] on cuda:0: Free: 159.1, Total: 191.98
tests/unit_tests/transformer/test_lora_adapter.py::TestLoraAdapterWithLoraLayers::test_constructor[base_layer8-True-1-2-2] on cuda:0: Free: 159.1, Total: 191.98
tests/unit_tests/transformer/test_lora_adapter.py::TestLoraAdapterWithLoraLayers::test_constructor[base_layer8-True-2-1-1] on cuda:0: Free: 159.1, Total: 191.98
tests/unit_tests/transformer/test_lora_adapter.py::TestLoraAdapterWithLoraLayers::test_constructor[base_layer8-True-2-1-2] on cuda:0: Free: 159.1, Total: 191.98
tests/unit_tests/transformer/test_lora_adapter.py::TestLoraAdapterWithLoraLayers::test_load_state_dict[base_layer0-False-1-1-1] on cuda:0: Free: 159.1, Total: 191.98
tests/unit_tests/transformer/test_lora_adapter.py::TestLoraAdapterWithLoraLayers::test_load_state_dict[base_layer0-False-1-1-2] on cuda:0: Free: 159.1, Total: 191.98
tests/unit_tests/transformer/test_lora_adapter.py::TestLoraAdapterWithLoraLayers::test_load_state_dict[base_layer0-False-1-2-1] on cuda:0: Free: 159.1, Total: 191.98
tests/unit_tests/transformer/test_lora_adapter.py::TestLoraAdapterWithLoraLayers::test_load_state_dict[base_layer0-False-1-2-2] on cuda:0: Free: 159.1, Total: 191.98
tests/unit_tests/transformer/test_lora_adapter.py::TestLoraAdapterWithLoraLayers::test_load_state_dict[base_layer0-False-2-1-1] on cuda:0: Free: 159.1, Total: 191.98
tests/unit_tests/transformer/test_lora_adapter.py::TestLoraAdapterWithLoraLayers::test_load_state_dict[base_layer0-False-2-1-2] on cuda:0: Free: 159.1, Total: 191.98
tests/unit_tests/transformer/test_lora_adapter.py::TestLoraAdapterWithLoraLayers::test_load_state_dict[base_layer1-True-1-1-1] on cuda:0: Free: 159.1, Total: 191.98
tests/unit_tests/transformer/test_lora_adapter.py::TestLoraAdapterWithLoraLayers::test_load_state_dict[base_layer1-True-1-1-2] on cuda:0: Free: 159.1, Total: 191.98
tests/unit_tests/transformer/test_lora_adapter.py::TestLoraAdapterWithLoraLayers::test_load_state_dict[base_layer1-True-1-2-1] on cuda:0: Free: 159.1, Total: 191.98
tests/unit_tests/transformer/test_lora_adapter.py::TestLoraAdapterWithLoraLayers::test_load_state_dict[base_layer1-True-1-2-2] on cuda:0: Free: 159.1, Total: 191.98
tests/unit_tests/transformer/test_lora_adapter.py::TestLoraAdapterWithLoraLayers::test_load_state_dict[base_layer1-True-2-1-1] on cuda:0: Free: 159.1, Total: 191.98
tests/unit_tests/transformer/test_lora_adapter.py::TestLoraAdapterWithLoraLayers::test_load_state_dict[base_layer1-True-2-1-2] on cuda:0: Free: 159.1, Total: 191.98
tests/unit_tests/transformer/test_lora_adapter.py::TestLoraAdapterWithLoraLayers::test_load_state_dict[base_layer2-False-1-1-1] on cuda:0: Free: 159.1, Total: 191.98
tests/unit_tests/transformer/test_lora_adapter.py::TestLoraAdapterWithLoraLayers::test_load_state_dict[base_layer2-False-1-1-2] on cuda:0: Free: 159.1, Total: 191.98
tests/unit_tests/transformer/test_lora_adapter.py::TestLoraAdapterWithLoraLayers::test_load_state_dict[base_layer2-False-1-2-1] on cuda:0: Free: 159.1, Total: 191.98
tests/unit_tests/transformer/test_lora_adapter.py::TestLoraAdapterWithLoraLayers::test_load_state_dict[base_layer2-False-1-2-2] on cuda:0: Free: 159.1, Total: 191.98
tests/unit_tests/transformer/test_lora_adapter.py::TestLoraAdapterWithLoraLayers::test_load_state_dict[base_layer2-False-2-1-1] on cuda:0: Free: 159.1, Total: 191.98
tests/unit_tests/transformer/test_lora_adapter.py::TestLoraAdapterWithLoraLayers::test_load_state_dict[base_layer2-False-2-1-2] on cuda:0: Free: 159.1, Total: 191.98
tests/unit_tests/transformer/test_lora_adapter.py::TestLoraAdapterWithLoraLayers::test_load_state_dict[base_layer3-True-1-1-1] on cuda:0: Free: 159.1, Total: 191.98
tests/unit_tests/transformer/test_lora_adapter.py::TestLoraAdapterWithLoraLayers::test_load_state_dict[base_layer3-True-1-1-2] on cuda:0: Free: 159.1, Total: 191.98
tests/unit_tests/transformer/test_lora_adapter.py::TestLoraAdapterWithLoraLayers::test_load_state_dict[base_layer3-True-1-2-1] on cuda:0: Free: 159.1, Total: 191.98
tests/unit_tests/transformer/test_lora_adapter.py::TestLoraAdapterWithLoraLayers::test_load_state_dict[base_layer3-True-1-2-2] on cuda:0: Free: 159.1, Total: 191.98
tests/unit_tests/transformer/test_lora_adapter.py::TestLoraAdapterWithLoraLayers::test_load_state_dict[base_layer3-True-2-1-1] on cuda:0: Free: 159.1, Total: 191.98
tests/unit_tests/transformer/test_lora_adapter.py::TestLoraAdapterWithLoraLayers::test_load_state_dict[base_layer3-True-2-1-2] on cuda:0: Free: 159.1, Total: 191.98
tests/unit_tests/transformer/test_lora_adapter.py::TestLoraAdapterWithLoraLayers::test_load_state_dict[base_layer4-False-1-1-1] on cuda:0: Free: 159.1, Total: 191.98
tests/unit_tests/transformer/test_lora_adapter.py::TestLoraAdapterWithLoraLayers::test_load_state_dict[base_layer4-False-1-1-2] on cuda:0: Free: 159.1, Total: 191.98
tests/unit_tests/transformer/test_lora_adapter.py::TestLoraAdapterWithLoraLayers::test_load_state_dict[base_layer4-False-1-2-1] on cuda:0: Free: 159.1, Total: 191.98
tests/unit_tests/transformer/test_lora_adapter.py::TestLoraAdapterWithLoraLayers::test_load_state_dict[base_layer4-False-1-2-2] on cuda:0: Free: 159.1, Total: 191.98
tests/unit_tests/transformer/test_lora_adapter.py::TestLoraAdapterWithLoraLayers::test_load_state_dict[base_layer4-False-2-1-1] on cuda:0: Free: 159.1, Total: 191.98
tests/unit_tests/transformer/test_lora_adapter.py::TestLoraAdapterWithLoraLayers::test_load_state_dict[base_layer4-False-2-1-2] on cuda:0: Free: 159.1, Total: 191.98
tests/unit_tests/transformer/test_lora_adapter.py::TestLoraAdapterWithLoraLayers::test_load_state_dict[base_layer5-False-1-1-1] on cuda:0: Free: 159.1, Total: 191.98
tests/unit_tests/transformer/test_lora_adapter.py::TestLoraAdapterWithLoraLayers::test_load_state_dict[base_layer5-False-1-1-2] on cuda:0: Free: 159.1, Total: 191.98
tests/unit_tests/transformer/test_lora_adapter.py::TestLoraAdapterWithLoraLayers::test_load_state_dict[base_layer5-False-1-2-1] on cuda:0: Free: 159.1, Total: 191.98
tests/unit_tests/transformer/test_lora_adapter.py::TestLoraAdapterWithLoraLayers::test_load_state_dict[base_layer5-False-1-2-2] on cuda:0: Free: 159.1, Total: 191.98
tests/unit_tests/transformer/test_lora_adapter.py::TestLoraAdapterWithLoraLayers::test_load_state_dict[base_layer5-False-2-1-1] on cuda:0: Free: 159.1, Total: 191.98
tests/unit_tests/transformer/test_lora_adapter.py::TestLoraAdapterWithLoraLayers::test_load_state_dict[base_layer5-False-2-1-2] on cuda:0: Free: 159.1, Total: 191.98
tests/unit_tests/transformer/test_lora_adapter.py::TestLoraAdapterWithLoraLayers::test_load_state_dict[base_layer6-True-1-1-1] on cuda:0: Free: 159.1, Total: 191.98
tests/unit_tests/transformer/test_lora_adapter.py::TestLoraAdapterWithLoraLayers::test_load_state_dict[base_layer6-True-1-1-2] on cuda:0: Free: 159.1, Total: 191.98
tests/unit_tests/transformer/test_lora_adapter.py::TestLoraAdapterWithLoraLayers::test_load_state_dict[base_layer6-True-1-2-1] on cuda:0: Free: 159.1, Total: 191.98
tests/unit_tests/transformer/test_lora_adapter.py::TestLoraAdapterWithLoraLayers::test_load_state_dict[base_layer6-True-1-2-2] on cuda:0: Free: 159.1, Total: 191.98
tests/unit_tests/transformer/test_lora_adapter.py::TestLoraAdapterWithLoraLayers::test_load_state_dict[base_layer6-True-2-1-1] on cuda:0: Free: 159.1, Total: 191.98
tests/unit_tests/transformer/test_lora_adapter.py::TestLoraAdapterWithLoraLayers::test_load_state_dict[base_layer6-True-2-1-2] on cuda:0: Free: 159.1, Total: 191.98
tests/unit_tests/transformer/test_lora_adapter.py::TestLoraAdapterWithLoraLayers::test_load_state_dict[base_layer7-False-1-1-1] on cuda:0: Free: 159.1, Total: 191.98
tests/unit_tests/transformer/test_lora_adapter.py::TestLoraAdapterWithLoraLayers::test_load_state_dict[base_layer7-False-1-1-2] on cuda:0: Free: 159.1, Total: 191.98
tests/unit_tests/transformer/test_lora_adapter.py::TestLoraAdapterWithLoraLayers::test_load_state_dict[base_layer7-False-1-2-1] on cuda:0: Free: 159.1, Total: 191.98
tests/unit_tests/transformer/test_lora_adapter.py::TestLoraAdapterWithLoraLayers::test_load_state_dict[base_layer7-False-1-2-2] on cuda:0: Free: 159.1, Total: 191.98
tests/unit_tests/transformer/test_lora_adapter.py::TestLoraAdapterWithLoraLayers::test_load_state_dict[base_layer7-False-2-1-1] on cuda:0: Free: 159.1, Total: 191.98
tests/unit_tests/transformer/test_lora_adapter.py::TestLoraAdapterWithLoraLayers::test_load_state_dict[base_layer7-False-2-1-2] on cuda:0: Free: 159.1, Total: 191.98
tests/unit_tests/transformer/test_lora_adapter.py::TestLoraAdapterWithLoraLayers::test_load_state_dict[base_layer8-True-1-1-1] on cuda:0: Free: 159.1, Total: 191.98
tests/unit_tests/transformer/test_lora_adapter.py::TestLoraAdapterWithLoraLayers::test_load_state_dict[base_layer8-True-1-1-2] on cuda:0: Free: 159.1, Total: 191.98
tests/unit_tests/transformer/test_lora_adapter.py::TestLoraAdapterWithLoraLayers::test_load_state_dict[base_layer8-True-1-2-1] on cuda:0: Free: 159.1, Total: 191.98
tests/unit_tests/transformer/test_lora_adapter.py::TestLoraAdapterWithLoraLayers::test_load_state_dict[base_layer8-True-1-2-2] on cuda:0: Free: 159.1, Total: 191.98
tests/unit_tests/transformer/test_lora_adapter.py::TestLoraAdapterWithLoraLayers::test_load_state_dict[base_layer8-True-2-1-1] on cuda:0: Free: 159.1, Total: 191.98
tests/unit_tests/transformer/test_lora_adapter.py::TestLoraAdapterWithLoraLayers::test_load_state_dict[base_layer8-True-2-1-2] on cuda:0: Free: 159.1, Total: 191.98
tests/unit_tests/transformer/test_lora_adapter.py::TestLoraAdapterWithLoraLayers::test_forward[base_layer0-False-1-1-1] on cuda:0: Free: 159.1, Total: 191.98
tests/unit_tests/transformer/test_lora_adapter.py::TestLoraAdapterWithLoraLayers::test_forward[base_layer0-False-1-1-2] on cuda:0: Free: 159.38, Total: 191.98
tests/unit_tests/transformer/test_lora_adapter.py::TestLoraAdapterWithLoraLayers::test_forward[base_layer0-False-1-2-1] on cuda:0: Free: 159.38, Total: 191.98
tests/unit_tests/transformer/test_lora_adapter.py::TestLoraAdapterWithLoraLayers::test_forward[base_layer0-False-1-2-2] on cuda:0: Free: 158.88, Total: 191.98
tests/unit_tests/transformer/test_lora_adapter.py::TestLoraAdapterWithLoraLayers::test_forward[base_layer0-False-2-1-1] on cuda:0: Free: 158.38, Total: 191.98
tests/unit_tests/transformer/test_lora_adapter.py::TestLoraAdapterWithLoraLayers::test_forward[base_layer0-False-2-1-2] on cuda:0: Free: 158.38, Total: 191.98
tests/unit_tests/transformer/test_lora_adapter.py::TestLoraAdapterWithLoraLayers::test_forward[base_layer1-True-1-1-1] on cuda:0: Free: 158.38, Total: 191.98
tests/unit_tests/transformer/test_lora_adapter.py::TestLoraAdapterWithLoraLayers::test_forward[base_layer1-True-1-1-2] on cuda:0: Free: 158.38, Total: 191.98
tests/unit_tests/transformer/test_lora_adapter.py::TestLoraAdapterWithLoraLayers::test_forward[base_layer1-True-1-2-1] on cuda:0: Free: 158.38, Total: 191.98
tests/unit_tests/transformer/test_lora_adapter.py::TestLoraAdapterWithLoraLayers::test_forward[base_layer1-True-1-2-2] on cuda:0: Free: 157.87, Total: 191.98
tests/unit_tests/transformer/test_lora_adapter.py::TestLoraAdapterWithLoraLayers::test_forward[base_layer1-True-2-1-1] on cuda:0: Free: 157.37, Total: 191.98
tests/unit_tests/transformer/test_lora_adapter.py::TestLoraAdapterWithLoraLayers::test_forward[base_layer1-True-2-1-2] on cuda:0: Free: 157.37, Total: 191.98
tests/unit_tests/transformer/test_lora_adapter.py::TestLoraAdapterWithLoraLayers::test_forward[base_layer2-False-1-1-1] on cuda:0: Free: 157.37, Total: 191.98
tests/unit_tests/transformer/test_lora_adapter.py::TestLoraAdapterWithLoraLayers::test_forward[base_layer2-False-1-1-2] on cuda:0: Free: 157.37, Total: 191.98
tests/unit_tests/transformer/test_lora_adapter.py::TestLoraAdapterWithLoraLayers::test_forward[base_layer2-False-1-2-1] on cuda:0: Free: 157.37, Total: 191.98
tests/unit_tests/transformer/test_lora_adapter.py::TestLoraAdapterWithLoraLayers::test_forward[base_layer2-False-1-2-2] on cuda:0: Free: 156.87, Total: 191.98
tests/unit_tests/transformer/test_lora_adapter.py::TestLoraAdapterWithLoraLayers::test_forward[base_layer2-False-2-1-1] on cuda:0: Free: 156.36, Total: 191.98
tests/unit_tests/transformer/test_lora_adapter.py::TestLoraAdapterWithLoraLayers::test_forward[base_layer2-False-2-1-2] on cuda:0: Free: 156.36, Total: 191.98
tests/unit_tests/transformer/test_lora_adapter.py::TestLoraAdapterWithLoraLayers::test_forward[base_layer3-True-1-1-1] on cuda:0: Free: 156.36, Total: 191.98
tests/unit_tests/transformer/test_lora_adapter.py::TestLoraAdapterWithLoraLayers::test_forward[base_layer3-True-1-1-2] on cuda:0: Free: 156.36, Total: 191.98
tests/unit_tests/transformer/test_lora_adapter.py::TestLoraAdapterWithLoraLayers::test_forward[base_layer3-True-1-2-1] on cuda:0: Free: 156.36, Total: 191.98
tests/unit_tests/transformer/test_lora_adapter.py::TestLoraAdapterWithLoraLayers::test_forward[base_layer3-True-1-2-2] on cuda:0: Free: 155.86, Total: 191.98
tests/unit_tests/transformer/test_lora_adapter.py::TestLoraAdapterWithLoraLayers::test_forward[base_layer3-True-2-1-1] on cuda:0: Free: 155.35, Total: 191.98
tests/unit_tests/transformer/test_lora_adapter.py::TestLoraAdapterWithLoraLayers::test_forward[base_layer3-True-2-1-2] on cuda:0: Free: 155.35, Total: 191.98
tests/unit_tests/transformer/test_lora_adapter.py::TestLoraAdapterWithLoraLayers::test_forward[base_layer4-False-1-1-1] on cuda:0: Free: 155.35, Total: 191.98
tests/unit_tests/transformer/test_lora_adapter.py::TestLoraAdapterWithLoraLayers::test_forward[base_layer4-False-1-1-2] on cuda:0: Free: 155.35, Total: 191.98
tests/unit_tests/transformer/test_lora_adapter.py::TestLoraAdapterWithLoraLayers::test_forward[base_layer4-False-1-2-1] on cuda:0: Free: 155.35, Total: 191.98
tests/unit_tests/transformer/test_lora_adapter.py::TestLoraAdapterWithLoraLayers::test_forward[base_layer4-False-1-2-2] on cuda:0: Free: 154.85, Total: 191.98
tests/unit_tests/transformer/test_lora_adapter.py::TestLoraAdapterWithLoraLayers::test_forward[base_layer4-False-2-1-1] on cuda:0: Free: 154.34, Total: 191.98
tests/unit_tests/transformer/test_lora_adapter.py::TestLoraAdapterWithLoraLayers::test_forward[base_layer4-False-2-1-2] on cuda:0: Free: 154.34, Total: 191.98
tests/unit_tests/transformer/test_lora_adapter.py::TestLoraAdapterWithLoraLayers::test_forward[base_layer5-False-1-1-1] on cuda:0: Free: 154.34, Total: 191.98
tests/unit_tests/transformer/test_lora_adapter.py::TestLoraAdapterWithLoraLayers::test_forward[base_layer5-False-1-1-2] on cuda:0: Free: 154.34, Total: 191.98
tests/unit_tests/transformer/test_lora_adapter.py::TestLoraAdapterWithLoraLayers::test_forward[base_layer5-False-1-2-1] on cuda:0: Free: 154.34, Total: 191.98
tests/unit_tests/transformer/test_lora_adapter.py::TestLoraAdapterWithLoraLayers::test_forward[base_layer5-False-1-2-2] on cuda:0: Free: 153.84, Total: 191.98
tests/unit_tests/transformer/test_lora_adapter.py::TestLoraAdapterWithLoraLayers::test_forward[base_layer5-False-2-1-1] on cuda:0: Free: 153.34, Total: 191.98
tests/unit_tests/transformer/test_lora_adapter.py::TestLoraAdapterWithLoraLayers::test_forward[base_layer5-False-2-1-2] on cuda:0: Free: 153.34, Total: 191.98
tests/unit_tests/transformer/test_lora_adapter.py::TestLoraAdapterWithLoraLayers::test_forward[base_layer6-True-1-1-1] on cuda:0: Free: 153.34, Total: 191.98
tests/unit_tests/transformer/test_lora_adapter.py::TestLoraAdapterWithLoraLayers::test_forward[base_layer6-True-1-1-2] on cuda:0: Free: 153.34, Total: 191.98
tests/unit_tests/transformer/test_lora_adapter.py::TestLoraAdapterWithLoraLayers::test_forward[base_layer6-True-1-2-1] on cuda:0: Free: 153.34, Total: 191.98
tests/unit_tests/transformer/test_lora_adapter.py::TestLoraAdapterWithLoraLayers::test_forward[base_layer6-True-1-2-2] on cuda:0: Free: 152.83, Total: 191.98
tests/unit_tests/transformer/test_lora_adapter.py::TestLoraAdapterWithLoraLayers::test_forward[base_layer6-True-2-1-1] on cuda:0: Free: 152.33, Total: 191.98
tests/unit_tests/transformer/test_lora_adapter.py::TestLoraAdapterWithLoraLayers::test_forward[base_layer6-True-2-1-2] on cuda:0: Free: 152.33, Total: 191.98
tests/unit_tests/transformer/test_lora_adapter.py::TestLoraAdapterWithLoraLayers::test_forward[base_layer7-False-1-1-1] on cuda:0: Free: 152.33, Total: 191.98
tests/unit_tests/transformer/test_lora_adapter.py::TestLoraAdapterWithLoraLayers::test_forward[base_layer7-False-1-1-2] on cuda:0: Free: 152.33, Total: 191.98
tests/unit_tests/transformer/test_lora_adapter.py::TestLoraAdapterWithLoraLayers::test_forward[base_layer7-False-1-2-1] on cuda:0: Free: 152.33, Total: 191.98
tests/unit_tests/transformer/test_lora_adapter.py::TestLoraAdapterWithLoraLayers::test_forward[base_layer7-False-1-2-2] on cuda:0: Free: 151.83, Total: 191.98
tests/unit_tests/transformer/test_lora_adapter.py::TestLoraAdapterWithLoraLayers::test_forward[base_layer7-False-2-1-1] on cuda:0: Free: 151.32, Total: 191.98
tests/unit_tests/transformer/test_lora_adapter.py::TestLoraAdapterWithLoraLayers::test_forward[base_layer7-False-2-1-2] on cuda:0: Free: 151.32, Total: 191.98
tests/unit_tests/transformer/test_lora_adapter.py::TestLoraAdapterWithLoraLayers::test_forward[base_layer8-True-1-1-1] on cuda:0: Free: 151.32, Total: 191.98
tests/unit_tests/transformer/test_lora_adapter.py::TestLoraAdapterWithLoraLayers::test_forward[base_layer8-True-1-1-2] on cuda:0: Free: 151.32, Total: 191.98
tests/unit_tests/transformer/test_lora_adapter.py::TestLoraAdapterWithLoraLayers::test_forward[base_layer8-True-1-2-1] on cuda:0: Free: 151.32, Total: 191.98
tests/unit_tests/transformer/test_lora_adapter.py::TestLoraAdapterWithLoraLayers::test_forward[base_layer8-True-1-2-2] on cuda:0: Free: 150.82, Total: 191.98
tests/unit_tests/transformer/test_lora_adapter.py::TestLoraAdapterWithLoraLayers::test_forward[base_layer8-True-2-1-1] on cuda:0: Free: 150.31, Total: 191.98
tests/unit_tests/transformer/test_lora_adapter.py::TestLoraAdapterWithLoraLayers::test_forward[base_layer8-True-2-1-2] on cuda:0: Free: 150.31, Total: 191.98
tests/unit_tests/transformer/test_lora_adapter.py::TestLoraAdapterWithUnknownBaseLayer::test_constructor on cuda:0: Free: 150.31, Total: 191.98
tests/unit_tests/transformer/test_mlp.py::TestParallelMLP::test_constructor on cuda:0: Free: 150.31, Total: 191.98
tests/unit_tests/transformer/test_mlp.py::TestParallelMLP::test_gpu_forward on cuda:0: Free: 150.31, Total: 191.98
tests/unit_tests/transformer/test_module.py::TestMegatronModule::test_megatron_module on cuda:0: Free: 150.31, Total: 191.98
tests/unit_tests/transformer/test_module.py::TestFloat16Module::test_fp16_module on cuda:0: Free: 150.31, Total: 191.98
tests/unit_tests/transformer/test_module.py::TestFloat16Module::test_bf16_module on cuda:0: Free: 150.28, Total: 191.98
tests/unit_tests/transformer/test_multi_latent_attention.py::TestParallelMLAAttention::test_constructor on cuda:0: Free: 150.02, Total: 191.98
tests/unit_tests/transformer/test_multi_latent_attention.py::TestParallelMLAAttention::test_cpu_forward on cuda:0: Free: 150.02, Total: 191.98
tests/unit_tests/transformer/test_multi_latent_attention.py::TestParallelMLAAttention::test_gpu_forward on cuda:0: Free: 150.02, Total: 191.98
tests/unit_tests/transformer/test_multi_latent_attention.py::TestParallelMLAAttention::test_checkpointed_gpu_forward on cuda:0: Free: 150.02, Total: 191.98
tests/unit_tests/transformer/test_multi_latent_attention.py::TestTensorParallelMLAAttention::test_gpu_forward on cuda:0: Free: 150.02, Total: 191.98
tests/unit_tests/transformer/test_retro_attention.py::TestRetroAttention::test_constructor on cuda:0: Free: 149.51, Total: 191.98
tests/unit_tests/transformer/test_retro_attention.py::TestRetroAttention::test_cpu_forward on cuda:0: Free: 149.51, Total: 191.98
tests/unit_tests/transformer/test_rope.py::TestRotaryEmbedding::test_constructor on cuda:0: Free: 149.51, Total: 191.98
tests/unit_tests/transformer/test_rope.py::TestRotaryEmbedding::test_gpu_forward on cuda:0: Free: 149.51, Total: 191.98
tests/unit_tests/transformer/test_rope.py::TestRotaryEmbedding::test_cpu_forward on cuda:0: Free: 149.51, Total: 191.98
tests/unit_tests/transformer/test_spec_customization.py::TestSpecCustomization::test_import_module on cuda:0: Free: 149.51, Total: 191.98
tests/unit_tests/transformer/test_spec_customization.py::TestSpecCustomization::test_build_module on cuda:0: Free: 149.51, Total: 191.98
tests/unit_tests/transformer/test_spec_customization.py::TestSpecCustomization::test_sliding_window_attention on cuda:0: Free: 149.51, Total: 191.98
tests/unit_tests/transformer/test_spec_customization.py::TestSpecCustomization::test_transformer_block_custom on cuda:0: Free: 149.51, Total: 191.98
tests/unit_tests/transformer/test_transformer_block.py::TestParallelTransformerBlock::test_constructor on cuda:0: Free: 149.51, Total: 191.98
tests/unit_tests/transformer/test_transformer_block.py::TestParallelTransformerBlock::test_gpu_forward on cuda:0: Free: 149.51, Total: 191.98
tests/unit_tests/transformer/test_transformer_block.py::TestParallelTransformerBlock::test_gpu_forward_full_checkpoint on cuda:0: Free: 149.51, Total: 191.98
tests/unit_tests/transformer/test_transformer_block.py::TestParallelTransformerBlock::test_gpu_forward_full_checkpoint_fp8 on cuda:0: Free: 149.51, Total: 191.98
tests/unit_tests/transformer/test_transformer_block.py::TestParallelTransformerBlock::test_gpu_forward_selective_checkpoint on cuda:0: Free: 147.64, Total: 191.98
tests/unit_tests/transformer/test_transformer_block.py::TestParallelTransformerBlock::test_gpu_forward_selective_checkpoint_fp8 on cuda:0: Free: 147.64, Total: 191.98
tests/unit_tests/transformer/test_transformer_layer.py::TestParallelTransformerLayer::test_constructor on cuda:0: Free: 145.77, Total: 191.98
tests/unit_tests/transformer/test_transformer_layer.py::TestParallelTransformerLayer::test_gpu_forward on cuda:0: Free: 145.77, Total: 191.98
tests/unit_tests/transformer/test_transformer_layer.py::TestParallelTransformerLayer::test_sharded_state_dict[tp_pp0-tp-pp-dp] on cuda:0: Free: 145.77, Total: 191.98
tests/unit_tests/transformer/test_transformer_layer.py::TestParallelTransformerLayer::test_sharded_state_dict[tp_pp0-tp-dp-pp] on cuda:0: Free: 145.77, Total: 191.98
tests/unit_tests/transformer/test_transformer_layer.py::TestParallelTransformerLayer::test_sharded_state_dict[tp_pp1-tp-pp-dp] on cuda:0: Free: 145.77, Total: 191.98
tests/unit_tests/transformer/test_transformer_layer.py::TestParallelTransformerLayer::test_sharded_state_dict[tp_pp1-tp-dp-pp] on cuda:0: Free: 145.77, Total: 191.98
tests/unit_tests/transformer/test_transformer_layer.py::TestParallelTransformerLayer::test_sharded_state_dict[tp_pp2-tp-pp-dp] on cuda:0: Free: 145.77, Total: 191.98
tests/unit_tests/transformer/test_transformer_layer.py::TestParallelTransformerLayer::test_sharded_state_dict[tp_pp2-tp-dp-pp] on cuda:0: Free: 145.77, Total: 191.98
tests/unit_tests/transformer/test_transformer_layer.py::TestParallelTransformerLayer::test_sharded_state_dict[tp_pp3-tp-pp-dp] on cuda:0: Free: 145.77, Total: 191.98
tests/unit_tests/transformer/test_transformer_layer.py::TestParallelTransformerLayer::test_sharded_state_dict[tp_pp3-tp-dp-pp] on cuda:0: Free: 145.77, Total: 191.98
tests/unit_tests/transformer/moe/test_a2a_token_dispatcher.py::test_placeholder on cuda:0: Free: 145.77, Total: 191.98
tests/unit_tests/transformer/moe/test_grouped_mlp.py::TestTEGroupedMLP::test_constructor on cuda:0: Free: 145.77, Total: 191.98
tests/unit_tests/transformer/moe/test_grouped_mlp.py::TestTEGroupedMLP::test_gpu_forward_backward on cuda:0: Free: 145.77, Total: 191.98
tests/unit_tests/transformer/moe/test_grouped_mlp.py::TestTEGroupedMLP::test_gpu_forward_backward_with_no_tokens_allocated on cuda:0: Free: 145.54, Total: 191.98
tests/unit_tests/transformer/moe/test_moe_layer.py::TestMoELayerInit::test_te_moe_layer[True-1-allgather] on cuda:0: Free: 145.54, Total: 191.98
tests/unit_tests/transformer/moe/test_moe_layer.py::TestMoELayerInit::test_te_moe_layer[True-1-alltoall] on cuda:0: Free: 145.54, Total: 191.98
tests/unit_tests/transformer/moe/test_moe_layer.py::TestMoELayerInit::test_te_moe_layer[True-2-allgather] on cuda:0: Free: 145.54, Total: 191.98
tests/unit_tests/transformer/moe/test_moe_layer.py::TestMoELayerInit::test_te_moe_layer[True-2-alltoall] on cuda:0: Free: 145.54, Total: 191.98
tests/unit_tests/transformer/moe/test_moe_layer.py::TestMoELayerInit::test_te_moe_layer[False-1-allgather] on cuda:0: Free: 145.54, Total: 191.98
tests/unit_tests/transformer/moe/test_moe_layer.py::TestMoELayerInit::test_te_moe_layer[False-1-alltoall] on cuda:0: Free: 145.54, Total: 191.98
tests/unit_tests/transformer/moe/test_moe_layer.py::TestMoELayerInit::test_te_moe_layer[False-2-allgather] on cuda:0: Free: 145.54, Total: 191.98
tests/unit_tests/transformer/moe/test_moe_layer.py::TestMoELayerInit::test_te_moe_layer[False-2-alltoall] on cuda:0: Free: 145.54, Total: 191.98
tests/unit_tests/transformer/moe/test_moe_layer.py::TestMoELayerInit::test_legacy_moe_layer[True-1-allgather] on cuda:0: Free: 145.54, Total: 191.98
tests/unit_tests/transformer/moe/test_moe_layer.py::TestMoELayerInit::test_legacy_moe_layer[True-1-alltoall] on cuda:0: Free: 145.54, Total: 191.98
tests/unit_tests/transformer/moe/test_moe_layer.py::TestMoELayerInit::test_legacy_moe_layer[True-2-allgather] on cuda:0: Free: 145.54, Total: 191.98
tests/unit_tests/transformer/moe/test_moe_layer.py::TestMoELayerInit::test_legacy_moe_layer[True-2-alltoall] on cuda:0: Free: 145.54, Total: 191.98
tests/unit_tests/transformer/moe/test_moe_layer.py::TestMoELayerInit::test_legacy_moe_layer[False-1-allgather] on cuda:0: Free: 145.54, Total: 191.98
tests/unit_tests/transformer/moe/test_moe_layer.py::TestMoELayerInit::test_legacy_moe_layer[False-1-alltoall] on cuda:0: Free: 145.54, Total: 191.98
tests/unit_tests/transformer/moe/test_moe_layer.py::TestMoELayerInit::test_legacy_moe_layer[False-2-allgather] on cuda:0: Free: 145.54, Total: 191.98
tests/unit_tests/transformer/moe/test_moe_layer.py::TestMoELayerInit::test_legacy_moe_layer[False-2-alltoall] on cuda:0: Free: 145.54, Total: 191.98
tests/unit_tests/transformer/moe/test_moe_layer.py::TestMoELayerInit::test_moe_with_late_initialize[1-1-True-alltoall] on cuda:0: Free: 145.54, Total: 191.98
tests/unit_tests/transformer/moe/test_moe_layer.py::TestMoELayerInit::test_moe_with_late_initialize[2-2-True-alltoall] on cuda:0: Free: 145.67, Total: 191.98
tests/unit_tests/transformer/moe/test_moe_layer.py::TestInterleaveTransformerBlock::test_interleave_transformer_block[2] on cuda:0: Free: 143.44, Total: 191.98
tests/unit_tests/transformer/moe/test_moe_layer.py::TestInterleaveTransformerBlock::test_interleave_transformer_block[moe_layer_freq1] on cuda:0: Free: 143.44, Total: 191.98
tests/unit_tests/transformer/moe/test_moe_layer.py::TestInterleaveTransformerBlock::test_interleave_transformer_block[moe_layer_freq2] on cuda:0: Free: 143.44, Total: 191.98
tests/unit_tests/transformer/moe/test_routers.py::TestAuxLossFreeTop2Router::test_router_forward_aux_free on cuda:0: Free: 143.44, Total: 191.98
